Archive member included to satisfy reference by file (symbol)

c:/program files (x86)/gnu tools arm embedded/5.4 2016q2/bin/../lib/gcc/arm-none-eabi/5.4.1/../../../../arm-none-eabi/lib/armv7-m\libg.a(lib_a-exit.o)
                              c:/program files (x86)/gnu tools arm embedded/5.4 2016q2/bin/../lib/gcc/arm-none-eabi/5.4.1/../../../../arm-none-eabi/lib/armv7-m/crt0.o (exit)
c:/program files (x86)/gnu tools arm embedded/5.4 2016q2/bin/../lib/gcc/arm-none-eabi/5.4.1/../../../../arm-none-eabi/lib/armv7-m\libg.a(lib_a-impure.o)
                              c:/program files (x86)/gnu tools arm embedded/5.4 2016q2/bin/../lib/gcc/arm-none-eabi/5.4.1/../../../../arm-none-eabi/lib/armv7-m\libg.a(lib_a-exit.o) (_global_impure_ptr)
c:/program files (x86)/gnu tools arm embedded/5.4 2016q2/bin/../lib/gcc/arm-none-eabi/5.4.1/../../../../arm-none-eabi/lib/armv7-m\libg.a(lib_a-init.o)
                              c:/program files (x86)/gnu tools arm embedded/5.4 2016q2/bin/../lib/gcc/arm-none-eabi/5.4.1/../../../../arm-none-eabi/lib/armv7-m/crt0.o (__libc_init_array)
c:/program files (x86)/gnu tools arm embedded/5.4 2016q2/bin/../lib/gcc/arm-none-eabi/5.4.1/../../../../arm-none-eabi/lib/armv7-m\libg.a(lib_a-memset.o)
                              c:/program files (x86)/gnu tools arm embedded/5.4 2016q2/bin/../lib/gcc/arm-none-eabi/5.4.1/../../../../arm-none-eabi/lib/armv7-m/crt0.o (memset)
c:/program files (x86)/gnu tools arm embedded/5.4 2016q2/bin/../lib/gcc/arm-none-eabi/5.4.1/../../../../arm-none-eabi/lib/armv7-m\libg.a(lib_a-__call_atexit.o)
                              c:/program files (x86)/gnu tools arm embedded/5.4 2016q2/bin/../lib/gcc/arm-none-eabi/5.4.1/../../../../arm-none-eabi/lib/armv7-m\libg.a(lib_a-exit.o) (__call_exitprocs)
c:/program files (x86)/gnu tools arm embedded/5.4 2016q2/bin/../lib/gcc/arm-none-eabi/5.4.1/../../../../arm-none-eabi/lib/armv7-m\libg.a(lib_a-atexit.o)
                              c:/program files (x86)/gnu tools arm embedded/5.4 2016q2/bin/../lib/gcc/arm-none-eabi/5.4.1/../../../../arm-none-eabi/lib/armv7-m\libg.a(lib_a-__call_atexit.o) (atexit)
c:/program files (x86)/gnu tools arm embedded/5.4 2016q2/bin/../lib/gcc/arm-none-eabi/5.4.1/../../../../arm-none-eabi/lib/armv7-m\libg.a(lib_a-fini.o)
                              c:/program files (x86)/gnu tools arm embedded/5.4 2016q2/bin/../lib/gcc/arm-none-eabi/5.4.1/../../../../arm-none-eabi/lib/armv7-m\libg.a(lib_a-__call_atexit.o) (__libc_fini_array)
c:/program files (x86)/gnu tools arm embedded/5.4 2016q2/bin/../lib/gcc/arm-none-eabi/5.4.1/../../../../arm-none-eabi/lib/armv7-m\libg.a(lib_a-__atexit.o)
                              c:/program files (x86)/gnu tools arm embedded/5.4 2016q2/bin/../lib/gcc/arm-none-eabi/5.4.1/../../../../arm-none-eabi/lib/armv7-m\libg.a(lib_a-atexit.o) (__register_exitproc)

Allocating common symbols
Common symbol       size              file

key_id              0x28              ..\obj\1-Wire.o
gsm_message         0x32              ..\obj\modem.o
u_battary           0x2               ..\obj\guard_func.o
onewire_enum_fork_bit
                    0x1               ..\obj\1-Wire.o
ProcFlash           0x14              ..\obj\stm32l1xx_hal_flash.o
huart1              0x3c              ..\obj\UART.o
counter             0x4               ..\obj\modem.o
tel_number          0x37              ..\obj\guard_func.o
ds18x20_id          0x28              ..\obj\guard_func.o
onewire_enum        0x8               ..\obj\1-Wire.o
tm_id               0x28              ..\obj\guard_func.o
led_blink_time      0x8               ..\obj\TIMs.o
gsm_buffer          0x1f4             ..\obj\modem.o
huart2              0x3c              ..\obj\UART.o
EEPROMAddress       0x4               ..\obj\guard_func.o
leds_mode           0x8               ..\obj\TIMs.o
inputs_mode         0xa               ..\obj\TIMs.o

Discarded input sections

 .text          0x00000000        0x0 c:/program files (x86)/gnu tools arm embedded/5.4 2016q2/bin/../lib/gcc/arm-none-eabi/5.4.1/armv7-m/crti.o
 .data          0x00000000        0x0 c:/program files (x86)/gnu tools arm embedded/5.4 2016q2/bin/../lib/gcc/arm-none-eabi/5.4.1/armv7-m/crti.o
 .bss           0x00000000        0x0 c:/program files (x86)/gnu tools arm embedded/5.4 2016q2/bin/../lib/gcc/arm-none-eabi/5.4.1/armv7-m/crti.o
 .data          0x00000000        0x4 c:/program files (x86)/gnu tools arm embedded/5.4 2016q2/bin/../lib/gcc/arm-none-eabi/5.4.1/armv7-m/crtbegin.o
 .text          0x00000000       0x74 c:/program files (x86)/gnu tools arm embedded/5.4 2016q2/bin/../lib/gcc/arm-none-eabi/5.4.1/../../../../arm-none-eabi/lib/armv7-m/crt0.o
 .data          0x00000000        0x0 c:/program files (x86)/gnu tools arm embedded/5.4 2016q2/bin/../lib/gcc/arm-none-eabi/5.4.1/../../../../arm-none-eabi/lib/armv7-m/crt0.o
 .bss           0x00000000        0x0 c:/program files (x86)/gnu tools arm embedded/5.4 2016q2/bin/../lib/gcc/arm-none-eabi/5.4.1/../../../../arm-none-eabi/lib/armv7-m/crt0.o
 .ARM.extab     0x00000000        0x0 c:/program files (x86)/gnu tools arm embedded/5.4 2016q2/bin/../lib/gcc/arm-none-eabi/5.4.1/../../../../arm-none-eabi/lib/armv7-m/crt0.o
 .ARM.exidx     0x00000000        0x8 c:/program files (x86)/gnu tools arm embedded/5.4 2016q2/bin/../lib/gcc/arm-none-eabi/5.4.1/../../../../arm-none-eabi/lib/armv7-m/crt0.o
 .ARM.attributes
                0x00000000       0x1b c:/program files (x86)/gnu tools arm embedded/5.4 2016q2/bin/../lib/gcc/arm-none-eabi/5.4.1/../../../../arm-none-eabi/lib/armv7-m/crt0.o
 .text          0x00000000      0x284 ..\obj\stm32l1xx_hal_rcc_ex.o
 .data          0x00000000        0x0 ..\obj\stm32l1xx_hal_rcc_ex.o
 .bss           0x00000000        0x0 ..\obj\stm32l1xx_hal_rcc_ex.o
 .debug_info    0x00000000      0x56f ..\obj\stm32l1xx_hal_rcc_ex.o
 .debug_abbrev  0x00000000      0x1c1 ..\obj\stm32l1xx_hal_rcc_ex.o
 .debug_aranges
                0x00000000       0x20 ..\obj\stm32l1xx_hal_rcc_ex.o
 .debug_line    0x00000000      0x30d ..\obj\stm32l1xx_hal_rcc_ex.o
 .debug_str     0x00000000      0x357 ..\obj\stm32l1xx_hal_rcc_ex.o
 .comment       0x00000000       0x6f ..\obj\stm32l1xx_hal_rcc_ex.o
 .debug_frame   0x00000000       0xac ..\obj\stm32l1xx_hal_rcc_ex.o
 .ARM.attributes
                0x00000000       0x33 ..\obj\stm32l1xx_hal_rcc_ex.o
 .text          0x00000000     0x3524 ..\obj\stm32l1xx_hal_tim.o
 .data          0x00000000        0x0 ..\obj\stm32l1xx_hal_tim.o
 .bss           0x00000000        0x0 ..\obj\stm32l1xx_hal_tim.o
 .debug_info    0x00000000     0x2038 ..\obj\stm32l1xx_hal_tim.o
 .debug_abbrev  0x00000000      0x1f7 ..\obj\stm32l1xx_hal_tim.o
 .debug_aranges
                0x00000000       0x20 ..\obj\stm32l1xx_hal_tim.o
 .debug_line    0x00000000      0xabe ..\obj\stm32l1xx_hal_tim.o
 .debug_str     0x00000000     0x124a ..\obj\stm32l1xx_hal_tim.o
 .comment       0x00000000       0x6f ..\obj\stm32l1xx_hal_tim.o
 .debug_frame   0x00000000      0xf68 ..\obj\stm32l1xx_hal_tim.o
 .ARM.attributes
                0x00000000       0x33 ..\obj\stm32l1xx_hal_tim.o
 .text          0x00000000        0x0 ..\obj\stm32l1xx_hal_sram.o
 .data          0x00000000        0x0 ..\obj\stm32l1xx_hal_sram.o
 .bss           0x00000000        0x0 ..\obj\stm32l1xx_hal_sram.o
 .debug_info    0x00000000       0x8e ..\obj\stm32l1xx_hal_sram.o
 .debug_abbrev  0x00000000       0x49 ..\obj\stm32l1xx_hal_sram.o
 .debug_aranges
                0x00000000       0x18 ..\obj\stm32l1xx_hal_sram.o
 .debug_line    0x00000000      0x14d ..\obj\stm32l1xx_hal_sram.o
 .debug_str     0x00000000      0x18b ..\obj\stm32l1xx_hal_sram.o
 .comment       0x00000000       0x6f ..\obj\stm32l1xx_hal_sram.o
 .ARM.attributes
                0x00000000       0x33 ..\obj\stm32l1xx_hal_sram.o
 .text          0x00000000        0x0 ..\obj\stm32l1xx_hal_sd.o
 .data          0x00000000        0x0 ..\obj\stm32l1xx_hal_sd.o
 .bss           0x00000000        0x0 ..\obj\stm32l1xx_hal_sd.o
 .debug_info    0x00000000       0x8e ..\obj\stm32l1xx_hal_sd.o
 .debug_abbrev  0x00000000       0x49 ..\obj\stm32l1xx_hal_sd.o
 .debug_aranges
                0x00000000       0x18 ..\obj\stm32l1xx_hal_sd.o
 .debug_line    0x00000000      0x14d ..\obj\stm32l1xx_hal_sd.o
 .debug_str     0x00000000      0x189 ..\obj\stm32l1xx_hal_sd.o
 .comment       0x00000000       0x6f ..\obj\stm32l1xx_hal_sd.o
 .ARM.attributes
                0x00000000       0x33 ..\obj\stm32l1xx_hal_sd.o
 .text          0x00000000      0xfa0 ..\obj\stm32l1xx_hal_adc.o
 .data          0x00000000        0x0 ..\obj\stm32l1xx_hal_adc.o
 .bss           0x00000000        0x0 ..\obj\stm32l1xx_hal_adc.o
 .debug_info    0x00000000      0xf28 ..\obj\stm32l1xx_hal_adc.o
 .debug_abbrev  0x00000000      0x228 ..\obj\stm32l1xx_hal_adc.o
 .debug_aranges
                0x00000000       0x20 ..\obj\stm32l1xx_hal_adc.o
 .debug_line    0x00000000      0x53e ..\obj\stm32l1xx_hal_adc.o
 .debug_str     0x00000000      0xa5d ..\obj\stm32l1xx_hal_adc.o
 .comment       0x00000000       0x6f ..\obj\stm32l1xx_hal_adc.o
 .debug_frame   0x00000000      0x410 ..\obj\stm32l1xx_hal_adc.o
 .ARM.attributes
                0x00000000       0x33 ..\obj\stm32l1xx_hal_adc.o
 .data          0x00000000        0x0 ..\obj\stm32l1xx_hal_uart.o
 .bss           0x00000000        0x0 ..\obj\stm32l1xx_hal_uart.o
 .text          0x00000000       0x84 ..\obj\stm32l1xx_hal_pcd_ex.o
 .data          0x00000000        0x0 ..\obj\stm32l1xx_hal_pcd_ex.o
 .bss           0x00000000        0x0 ..\obj\stm32l1xx_hal_pcd_ex.o
 .debug_info    0x00000000      0x52a ..\obj\stm32l1xx_hal_pcd_ex.o
 .debug_abbrev  0x00000000      0x140 ..\obj\stm32l1xx_hal_pcd_ex.o
 .debug_aranges
                0x00000000       0x20 ..\obj\stm32l1xx_hal_pcd_ex.o
 .debug_line    0x00000000      0x223 ..\obj\stm32l1xx_hal_pcd_ex.o
 .debug_str     0x00000000      0x49c ..\obj\stm32l1xx_hal_pcd_ex.o
 .comment       0x00000000       0x6f ..\obj\stm32l1xx_hal_pcd_ex.o
 .debug_frame   0x00000000       0x38 ..\obj\stm32l1xx_hal_pcd_ex.o
 .ARM.attributes
                0x00000000       0x33 ..\obj\stm32l1xx_hal_pcd_ex.o
 .text          0x00000000     0x20d4 ..\obj\stm32l1xx_hal_pcd.o
 .data          0x00000000        0x0 ..\obj\stm32l1xx_hal_pcd.o
 .bss           0x00000000        0x0 ..\obj\stm32l1xx_hal_pcd.o
 .debug_info    0x00000000     0x1097 ..\obj\stm32l1xx_hal_pcd.o
 .debug_abbrev  0x00000000      0x257 ..\obj\stm32l1xx_hal_pcd.o
 .debug_aranges
                0x00000000       0x20 ..\obj\stm32l1xx_hal_pcd.o
 .debug_line    0x00000000      0x6ae ..\obj\stm32l1xx_hal_pcd.o
 .debug_str     0x00000000      0x849 ..\obj\stm32l1xx_hal_pcd.o
 .comment       0x00000000       0x6f ..\obj\stm32l1xx_hal_pcd.o
 .debug_frame   0x00000000      0x5ac ..\obj\stm32l1xx_hal_pcd.o
 .ARM.attributes
                0x00000000       0x33 ..\obj\stm32l1xx_hal_pcd.o
 .text          0x00000000       0xb4 ..\obj\stm32l1xx_hal_spi_ex.o
 .data          0x00000000        0x0 ..\obj\stm32l1xx_hal_spi_ex.o
 .bss           0x00000000        0x0 ..\obj\stm32l1xx_hal_spi_ex.o
 .debug_info    0x00000000      0x579 ..\obj\stm32l1xx_hal_spi_ex.o
 .debug_abbrev  0x00000000      0x122 ..\obj\stm32l1xx_hal_spi_ex.o
 .debug_aranges
                0x00000000       0x20 ..\obj\stm32l1xx_hal_spi_ex.o
 .debug_line    0x00000000      0x245 ..\obj\stm32l1xx_hal_spi_ex.o
 .debug_str     0x00000000      0x626 ..\obj\stm32l1xx_hal_spi_ex.o
 .comment       0x00000000       0x6f ..\obj\stm32l1xx_hal_spi_ex.o
 .debug_frame   0x00000000       0x34 ..\obj\stm32l1xx_hal_spi_ex.o
 .ARM.attributes
                0x00000000       0x33 ..\obj\stm32l1xx_hal_spi_ex.o
 .text          0x00000000        0x0 ..\obj\stm32l1xx_hal_opamp.o
 .data          0x00000000        0x0 ..\obj\stm32l1xx_hal_opamp.o
 .bss           0x00000000        0x0 ..\obj\stm32l1xx_hal_opamp.o
 .debug_info    0x00000000       0x8e ..\obj\stm32l1xx_hal_opamp.o
 .debug_abbrev  0x00000000       0x49 ..\obj\stm32l1xx_hal_opamp.o
 .debug_aranges
                0x00000000       0x18 ..\obj\stm32l1xx_hal_opamp.o
 .debug_line    0x00000000      0x14d ..\obj\stm32l1xx_hal_opamp.o
 .debug_str     0x00000000      0x18c ..\obj\stm32l1xx_hal_opamp.o
 .comment       0x00000000       0x6f ..\obj\stm32l1xx_hal_opamp.o
 .ARM.attributes
                0x00000000       0x33 ..\obj\stm32l1xx_hal_opamp.o
 .data          0x00000000        0x0 ..\obj\GPIO_func.o
 .bss           0x00000000        0x0 ..\obj\GPIO_func.o
 .text          0x00000000      0x584 ..\obj\stm32l1xx_hal_comp.o
 .data          0x00000000        0x0 ..\obj\stm32l1xx_hal_comp.o
 .bss           0x00000000        0x0 ..\obj\stm32l1xx_hal_comp.o
 .debug_info    0x00000000      0x687 ..\obj\stm32l1xx_hal_comp.o
 .debug_abbrev  0x00000000      0x18f ..\obj\stm32l1xx_hal_comp.o
 .debug_aranges
                0x00000000       0x20 ..\obj\stm32l1xx_hal_comp.o
 .debug_line    0x00000000      0x379 ..\obj\stm32l1xx_hal_comp.o
 .debug_str     0x00000000      0x506 ..\obj\stm32l1xx_hal_comp.o
 .comment       0x00000000       0x6f ..\obj\stm32l1xx_hal_comp.o
 .debug_frame   0x00000000      0x204 ..\obj\stm32l1xx_hal_comp.o
 .ARM.attributes
                0x00000000       0x33 ..\obj\stm32l1xx_hal_comp.o
 .text          0x00000000      0x188 ..\obj\stm32l1xx_hal_iwdg.o
 .data          0x00000000        0x0 ..\obj\stm32l1xx_hal_iwdg.o
 .bss           0x00000000        0x0 ..\obj\stm32l1xx_hal_iwdg.o
 .debug_info    0x00000000      0x2f3 ..\obj\stm32l1xx_hal_iwdg.o
 .debug_abbrev  0x00000000      0x173 ..\obj\stm32l1xx_hal_iwdg.o
 .debug_aranges
                0x00000000       0x20 ..\obj\stm32l1xx_hal_iwdg.o
 .debug_line    0x00000000      0x29c ..\obj\stm32l1xx_hal_iwdg.o
 .debug_str     0x00000000      0x341 ..\obj\stm32l1xx_hal_iwdg.o
 .comment       0x00000000       0x6f ..\obj\stm32l1xx_hal_iwdg.o
 .debug_frame   0x00000000       0xd0 ..\obj\stm32l1xx_hal_iwdg.o
 .ARM.attributes
                0x00000000       0x33 ..\obj\stm32l1xx_hal_iwdg.o
 .text          0x00000000        0x0 ..\obj\stm32l1xx_hal_flash_ramfunc.o
 .data          0x00000000        0x0 ..\obj\stm32l1xx_hal_flash_ramfunc.o
 .bss           0x00000000        0x0 ..\obj\stm32l1xx_hal_flash_ramfunc.o
 .RamFunc       0x00000000      0x2d8 ..\obj\stm32l1xx_hal_flash_ramfunc.o
 .debug_info    0x00000000      0x31e ..\obj\stm32l1xx_hal_flash_ramfunc.o
 .debug_abbrev  0x00000000      0x136 ..\obj\stm32l1xx_hal_flash_ramfunc.o
 .debug_aranges
                0x00000000       0x48 ..\obj\stm32l1xx_hal_flash_ramfunc.o
 .debug_ranges  0x00000000       0x38 ..\obj\stm32l1xx_hal_flash_ramfunc.o
 .debug_line    0x00000000      0x282 ..\obj\stm32l1xx_hal_flash_ramfunc.o
 .debug_str     0x00000000      0x345 ..\obj\stm32l1xx_hal_flash_ramfunc.o
 .comment       0x00000000       0x6f ..\obj\stm32l1xx_hal_flash_ramfunc.o
 .debug_frame   0x00000000       0xec ..\obj\stm32l1xx_hal_flash_ramfunc.o
 .ARM.attributes
                0x00000000       0x33 ..\obj\stm32l1xx_hal_flash_ramfunc.o
 .data          0x00000000        0x0 ..\obj\modem.o
 .text          0x00000000        0x0 ..\obj\stm32l1xx_hal_cryp.o
 .data          0x00000000        0x0 ..\obj\stm32l1xx_hal_cryp.o
 .bss           0x00000000        0x0 ..\obj\stm32l1xx_hal_cryp.o
 .debug_info    0x00000000       0x8e ..\obj\stm32l1xx_hal_cryp.o
 .debug_abbrev  0x00000000       0x49 ..\obj\stm32l1xx_hal_cryp.o
 .debug_aranges
                0x00000000       0x18 ..\obj\stm32l1xx_hal_cryp.o
 .debug_line    0x00000000      0x14d ..\obj\stm32l1xx_hal_cryp.o
 .debug_str     0x00000000      0x18b ..\obj\stm32l1xx_hal_cryp.o
 .comment       0x00000000       0x6f ..\obj\stm32l1xx_hal_cryp.o
 .ARM.attributes
                0x00000000       0x33 ..\obj\stm32l1xx_hal_cryp.o
 .text          0x00000000      0x1f8 ..\obj\stm32l1xx_hal_dac_ex.o
 .data          0x00000000        0x0 ..\obj\stm32l1xx_hal_dac_ex.o
 .bss           0x00000000        0x0 ..\obj\stm32l1xx_hal_dac_ex.o
 .debug_info    0x00000000      0x65b ..\obj\stm32l1xx_hal_dac_ex.o
 .debug_abbrev  0x00000000      0x185 ..\obj\stm32l1xx_hal_dac_ex.o
 .debug_aranges
                0x00000000       0x20 ..\obj\stm32l1xx_hal_dac_ex.o
 .debug_line    0x00000000      0x2b9 ..\obj\stm32l1xx_hal_dac_ex.o
 .debug_str     0x00000000      0x5fb ..\obj\stm32l1xx_hal_dac_ex.o
 .comment       0x00000000       0x6f ..\obj\stm32l1xx_hal_dac_ex.o
 .debug_frame   0x00000000      0x1bc ..\obj\stm32l1xx_hal_dac_ex.o
 .ARM.attributes
                0x00000000       0x33 ..\obj\stm32l1xx_hal_dac_ex.o
 .text          0x00000000       0xcc ..\obj\stm32l1xx_hal_tim_ex.o
 .data          0x00000000        0x0 ..\obj\stm32l1xx_hal_tim_ex.o
 .bss           0x00000000        0x0 ..\obj\stm32l1xx_hal_tim_ex.o
 .debug_info    0x00000000      0x594 ..\obj\stm32l1xx_hal_tim_ex.o
 .debug_abbrev  0x00000000      0x125 ..\obj\stm32l1xx_hal_tim_ex.o
 .debug_aranges
                0x00000000       0x20 ..\obj\stm32l1xx_hal_tim_ex.o
 .debug_line    0x00000000      0x2a4 ..\obj\stm32l1xx_hal_tim_ex.o
 .debug_str     0x00000000      0x5f7 ..\obj\stm32l1xx_hal_tim_ex.o
 .comment       0x00000000       0x6f ..\obj\stm32l1xx_hal_tim_ex.o
 .debug_frame   0x00000000       0x60 ..\obj\stm32l1xx_hal_tim_ex.o
 .ARM.attributes
                0x00000000       0x33 ..\obj\stm32l1xx_hal_tim_ex.o
 .text          0x00000000        0x0 ..\obj\stm32l1xx_hal_cryp_ex.o
 .data          0x00000000        0x0 ..\obj\stm32l1xx_hal_cryp_ex.o
 .bss           0x00000000        0x0 ..\obj\stm32l1xx_hal_cryp_ex.o
 .debug_info    0x00000000       0x8e ..\obj\stm32l1xx_hal_cryp_ex.o
 .debug_abbrev  0x00000000       0x49 ..\obj\stm32l1xx_hal_cryp_ex.o
 .debug_aranges
                0x00000000       0x18 ..\obj\stm32l1xx_hal_cryp_ex.o
 .debug_line    0x00000000      0x14d ..\obj\stm32l1xx_hal_cryp_ex.o
 .debug_str     0x00000000      0x18e ..\obj\stm32l1xx_hal_cryp_ex.o
 .comment       0x00000000       0x6f ..\obj\stm32l1xx_hal_cryp_ex.o
 .ARM.attributes
                0x00000000       0x33 ..\obj\stm32l1xx_hal_cryp_ex.o
 .data          0x00000000        0xc ..\obj\EEPROMfunc.o
 .bss           0x00000000        0x0 ..\obj\EEPROMfunc.o
 .text          0x00000000        0x0 ..\obj\stm32l1xx_ll_fsmc.o
 .data          0x00000000        0x0 ..\obj\stm32l1xx_ll_fsmc.o
 .bss           0x00000000        0x0 ..\obj\stm32l1xx_ll_fsmc.o
 .debug_info    0x00000000       0x8e ..\obj\stm32l1xx_ll_fsmc.o
 .debug_abbrev  0x00000000       0x49 ..\obj\stm32l1xx_ll_fsmc.o
 .debug_aranges
                0x00000000       0x18 ..\obj\stm32l1xx_ll_fsmc.o
 .debug_line    0x00000000      0x14d ..\obj\stm32l1xx_ll_fsmc.o
 .debug_str     0x00000000      0x18a ..\obj\stm32l1xx_ll_fsmc.o
 .comment       0x00000000       0x6f ..\obj\stm32l1xx_ll_fsmc.o
 .ARM.attributes
                0x00000000       0x33 ..\obj\stm32l1xx_ll_fsmc.o
 .text          0x00000000      0x85c ..\obj\1-Wire.o
 .data          0x00000000        0x0 ..\obj\1-Wire.o
 .bss           0x00000000        0x0 ..\obj\1-Wire.o
 .debug_info    0x00000000      0x893 ..\obj\1-Wire.o
 .debug_abbrev  0x00000000      0x258 ..\obj\1-Wire.o
 .debug_aranges
                0x00000000       0x20 ..\obj\1-Wire.o
 .debug_ranges  0x00000000       0x48 ..\obj\1-Wire.o
 .debug_line    0x00000000      0x4ac ..\obj\1-Wire.o
 .debug_str     0x00000000      0x439 ..\obj\1-Wire.o
 .comment       0x00000000       0x6f ..\obj\1-Wire.o
 .debug_frame   0x00000000      0x2dc ..\obj\1-Wire.o
 .ARM.attributes
                0x00000000       0x33 ..\obj\1-Wire.o
 COMMON         0x00000000       0x34 ..\obj\1-Wire.o
 .data          0x00000000        0x0 ..\obj\stm32l1xx_hal_rcc.o
 .bss           0x00000000        0x0 ..\obj\stm32l1xx_hal_rcc.o
 .data          0x00000000        0x0 ..\obj\UART.o
 .data          0x00000000        0x0 ..\obj\stm32l1xx_hal_gpio.o
 .bss           0x00000000        0x0 ..\obj\stm32l1xx_hal_gpio.o
 .text          0x00000000        0x0 ..\obj\stm32l1xx_hal_opamp_ex.o
 .data          0x00000000        0x0 ..\obj\stm32l1xx_hal_opamp_ex.o
 .bss           0x00000000        0x0 ..\obj\stm32l1xx_hal_opamp_ex.o
 .debug_info    0x00000000       0x8e ..\obj\stm32l1xx_hal_opamp_ex.o
 .debug_abbrev  0x00000000       0x49 ..\obj\stm32l1xx_hal_opamp_ex.o
 .debug_aranges
                0x00000000       0x18 ..\obj\stm32l1xx_hal_opamp_ex.o
 .debug_line    0x00000000      0x14d ..\obj\stm32l1xx_hal_opamp_ex.o
 .debug_str     0x00000000      0x18f ..\obj\stm32l1xx_hal_opamp_ex.o
 .comment       0x00000000       0x6f ..\obj\stm32l1xx_hal_opamp_ex.o
 .ARM.attributes
                0x00000000       0x33 ..\obj\stm32l1xx_hal_opamp_ex.o
 .text          0x00000000     0x2fb0 ..\obj\stm32l1xx_hal_i2c.o
 .data          0x00000000        0x0 ..\obj\stm32l1xx_hal_i2c.o
 .bss           0x00000000        0x0 ..\obj\stm32l1xx_hal_i2c.o
 .debug_info    0x00000000     0x143e ..\obj\stm32l1xx_hal_i2c.o
 .debug_abbrev  0x00000000      0x1d6 ..\obj\stm32l1xx_hal_i2c.o
 .debug_aranges
                0x00000000       0x20 ..\obj\stm32l1xx_hal_i2c.o
 .debug_line    0x00000000      0xbc8 ..\obj\stm32l1xx_hal_i2c.o
 .debug_str     0x00000000      0xbab ..\obj\stm32l1xx_hal_i2c.o
 .comment       0x00000000       0x6f ..\obj\stm32l1xx_hal_i2c.o
 .debug_frame   0x00000000      0x8a0 ..\obj\stm32l1xx_hal_i2c.o
 .ARM.attributes
                0x00000000       0x33 ..\obj\stm32l1xx_hal_i2c.o
 .text          0x00000000       0x14 ..\obj\startup_stm32l151xba.o
 .data          0x00000000        0x0 ..\obj\startup_stm32l151xba.o
 .bss           0x00000000        0x0 ..\obj\startup_stm32l151xba.o
 .text          0x00000000     0x167c ..\obj\stm32l1xx_hal_usart.o
 .data          0x00000000        0x0 ..\obj\stm32l1xx_hal_usart.o
 .bss           0x00000000        0x0 ..\obj\stm32l1xx_hal_usart.o
 .debug_info    0x00000000      0xd6d ..\obj\stm32l1xx_hal_usart.o
 .debug_abbrev  0x00000000      0x201 ..\obj\stm32l1xx_hal_usart.o
 .debug_aranges
                0x00000000       0x20 ..\obj\stm32l1xx_hal_usart.o
 .debug_line    0x00000000      0x77f ..\obj\stm32l1xx_hal_usart.o
 .debug_str     0x00000000      0x955 ..\obj\stm32l1xx_hal_usart.o
 .comment       0x00000000       0x6f ..\obj\stm32l1xx_hal_usart.o
 .debug_frame   0x00000000      0x56c ..\obj\stm32l1xx_hal_usart.o
 .ARM.attributes
                0x00000000       0x33 ..\obj\stm32l1xx_hal_usart.o
 .text          0x00000000        0x0 ..\obj\stm32l1xx_hal_lcd.o
 .data          0x00000000        0x0 ..\obj\stm32l1xx_hal_lcd.o
 .bss           0x00000000        0x0 ..\obj\stm32l1xx_hal_lcd.o
 .debug_info    0x00000000       0x8e ..\obj\stm32l1xx_hal_lcd.o
 .debug_abbrev  0x00000000       0x49 ..\obj\stm32l1xx_hal_lcd.o
 .debug_aranges
                0x00000000       0x18 ..\obj\stm32l1xx_hal_lcd.o
 .debug_line    0x00000000      0x14d ..\obj\stm32l1xx_hal_lcd.o
 .debug_str     0x00000000      0x18a ..\obj\stm32l1xx_hal_lcd.o
 .comment       0x00000000       0x6f ..\obj\stm32l1xx_hal_lcd.o
 .ARM.attributes
                0x00000000       0x33 ..\obj\stm32l1xx_hal_lcd.o
 .bss           0x00000000        0x0 ..\obj\system_stm32l1xx.o
 .bss           0x00000000        0x0 ..\obj\main.o
 .text          0x00000000      0x228 ..\obj\stm32l1xx_hal_flash.o
 .data          0x00000000        0x0 ..\obj\stm32l1xx_hal_flash.o
 .bss           0x00000000        0x0 ..\obj\stm32l1xx_hal_flash.o
 .debug_info    0x00000000      0x41a ..\obj\stm32l1xx_hal_flash.o
 .debug_abbrev  0x00000000      0x195 ..\obj\stm32l1xx_hal_flash.o
 .debug_aranges
                0x00000000       0x20 ..\obj\stm32l1xx_hal_flash.o
 .debug_line    0x00000000      0x2a7 ..\obj\stm32l1xx_hal_flash.o
 .debug_str     0x00000000      0x483 ..\obj\stm32l1xx_hal_flash.o
 .comment       0x00000000       0x6f ..\obj\stm32l1xx_hal_flash.o
 .debug_frame   0x00000000      0x168 ..\obj\stm32l1xx_hal_flash.o
 .ARM.attributes
                0x00000000       0x33 ..\obj\stm32l1xx_hal_flash.o
 COMMON         0x00000000       0x14 ..\obj\stm32l1xx_hal_flash.o
 .text          0x00000000     0x1a98 ..\obj\stm32l1xx_hal_rtc_ex.o
 .data          0x00000000        0x0 ..\obj\stm32l1xx_hal_rtc_ex.o
 .bss           0x00000000        0x0 ..\obj\stm32l1xx_hal_rtc_ex.o
 .debug_info    0x00000000     0x104b ..\obj\stm32l1xx_hal_rtc_ex.o
 .debug_abbrev  0x00000000      0x19e ..\obj\stm32l1xx_hal_rtc_ex.o
 .debug_aranges
                0x00000000       0x20 ..\obj\stm32l1xx_hal_rtc_ex.o
 .debug_line    0x00000000      0x8a3 ..\obj\stm32l1xx_hal_rtc_ex.o
 .debug_str     0x00000000      0xabd ..\obj\stm32l1xx_hal_rtc_ex.o
 .comment       0x00000000       0x6f ..\obj\stm32l1xx_hal_rtc_ex.o
 .debug_frame   0x00000000      0x670 ..\obj\stm32l1xx_hal_rtc_ex.o
 .ARM.attributes
                0x00000000       0x33 ..\obj\stm32l1xx_hal_rtc_ex.o
 .text          0x00000000        0x0 ..\obj\stm32l1xx_hal_i2s.o
 .data          0x00000000        0x0 ..\obj\stm32l1xx_hal_i2s.o
 .bss           0x00000000        0x0 ..\obj\stm32l1xx_hal_i2s.o
 .debug_info    0x00000000       0x8e ..\obj\stm32l1xx_hal_i2s.o
 .debug_abbrev  0x00000000       0x49 ..\obj\stm32l1xx_hal_i2s.o
 .debug_aranges
                0x00000000       0x18 ..\obj\stm32l1xx_hal_i2s.o
 .debug_line    0x00000000      0x14d ..\obj\stm32l1xx_hal_i2s.o
 .debug_str     0x00000000      0x18a ..\obj\stm32l1xx_hal_i2s.o
 .comment       0x00000000       0x6f ..\obj\stm32l1xx_hal_i2s.o
 .ARM.attributes
                0x00000000       0x33 ..\obj\stm32l1xx_hal_i2s.o
 .text          0x00000000      0x60c ..\obj\stm32l1xx_hal_dac.o
 .data          0x00000000        0x0 ..\obj\stm32l1xx_hal_dac.o
 .bss           0x00000000        0x0 ..\obj\stm32l1xx_hal_dac.o
 .debug_info    0x00000000      0x8d1 ..\obj\stm32l1xx_hal_dac.o
 .debug_abbrev  0x00000000      0x1c6 ..\obj\stm32l1xx_hal_dac.o
 .debug_aranges
                0x00000000       0x20 ..\obj\stm32l1xx_hal_dac.o
 .debug_line    0x00000000      0x372 ..\obj\stm32l1xx_hal_dac.o
 .debug_str     0x00000000      0x6cb ..\obj\stm32l1xx_hal_dac.o
 .comment       0x00000000       0x6f ..\obj\stm32l1xx_hal_dac.o
 .debug_frame   0x00000000      0x338 ..\obj\stm32l1xx_hal_dac.o
 .ARM.attributes
                0x00000000       0x33 ..\obj\stm32l1xx_hal_dac.o
 .text          0x00000000     0x1edc ..\obj\stm32l1xx_hal_spi.o
 .data          0x00000000        0x0 ..\obj\stm32l1xx_hal_spi.o
 .bss           0x00000000        0x0 ..\obj\stm32l1xx_hal_spi.o
 .debug_info    0x00000000      0xdd8 ..\obj\stm32l1xx_hal_spi.o
 .debug_abbrev  0x00000000      0x21d ..\obj\stm32l1xx_hal_spi.o
 .debug_aranges
                0x00000000       0x20 ..\obj\stm32l1xx_hal_spi.o
 .debug_line    0x00000000      0x842 ..\obj\stm32l1xx_hal_spi.o
 .debug_str     0x00000000      0x98a ..\obj\stm32l1xx_hal_spi.o
 .comment       0x00000000       0x6f ..\obj\stm32l1xx_hal_spi.o
 .debug_frame   0x00000000      0x5d8 ..\obj\stm32l1xx_hal_spi.o
 .ARM.attributes
                0x00000000       0x33 ..\obj\stm32l1xx_hal_spi.o
 .text          0x00000000      0x1d8 ..\obj\stm32l1xx_hal_pwr_ex.o
 .data          0x00000000        0x0 ..\obj\stm32l1xx_hal_pwr_ex.o
 .bss           0x00000000        0x0 ..\obj\stm32l1xx_hal_pwr_ex.o
 .debug_info    0x00000000      0x47b ..\obj\stm32l1xx_hal_pwr_ex.o
 .debug_abbrev  0x00000000       0xe7 ..\obj\stm32l1xx_hal_pwr_ex.o
 .debug_aranges
                0x00000000       0x20 ..\obj\stm32l1xx_hal_pwr_ex.o
 .debug_line    0x00000000      0x296 ..\obj\stm32l1xx_hal_pwr_ex.o
 .debug_str     0x00000000      0x291 ..\obj\stm32l1xx_hal_pwr_ex.o
 .comment       0x00000000       0x6f ..\obj\stm32l1xx_hal_pwr_ex.o
 .debug_frame   0x00000000      0x100 ..\obj\stm32l1xx_hal_pwr_ex.o
 .ARM.attributes
                0x00000000       0x33 ..\obj\stm32l1xx_hal_pwr_ex.o
 .text          0x00000000      0x18c ..\obj\stm32l1xx_hal_crc.o
 .data          0x00000000        0x0 ..\obj\stm32l1xx_hal_crc.o
 .bss           0x00000000        0x0 ..\obj\stm32l1xx_hal_crc.o
 .debug_info    0x00000000      0x32b ..\obj\stm32l1xx_hal_crc.o
 .debug_abbrev  0x00000000      0x143 ..\obj\stm32l1xx_hal_crc.o
 .debug_aranges
                0x00000000       0x20 ..\obj\stm32l1xx_hal_crc.o
 .debug_line    0x00000000      0x29a ..\obj\stm32l1xx_hal_crc.o
 .debug_str     0x00000000      0x33e ..\obj\stm32l1xx_hal_crc.o
 .comment       0x00000000       0x6f ..\obj\stm32l1xx_hal_crc.o
 .debug_frame   0x00000000      0x120 ..\obj\stm32l1xx_hal_crc.o
 .ARM.attributes
                0x00000000       0x33 ..\obj\stm32l1xx_hal_crc.o
 .text          0x00000000      0x760 ..\obj\stm32l1xx_hal_adc_ex.o
 .data          0x00000000        0x0 ..\obj\stm32l1xx_hal_adc_ex.o
 .bss           0x00000000        0x0 ..\obj\stm32l1xx_hal_adc_ex.o
 .debug_info    0x00000000      0x93b ..\obj\stm32l1xx_hal_adc_ex.o
 .debug_abbrev  0x00000000      0x223 ..\obj\stm32l1xx_hal_adc_ex.o
 .debug_aranges
                0x00000000       0x20 ..\obj\stm32l1xx_hal_adc_ex.o
 .debug_line    0x00000000      0x411 ..\obj\stm32l1xx_hal_adc_ex.o
 .debug_str     0x00000000      0x92a ..\obj\stm32l1xx_hal_adc_ex.o
 .comment       0x00000000       0x6f ..\obj\stm32l1xx_hal_adc_ex.o
 .debug_frame   0x00000000      0x144 ..\obj\stm32l1xx_hal_adc_ex.o
 .ARM.attributes
                0x00000000       0x33 ..\obj\stm32l1xx_hal_adc_ex.o
 .text          0x00000000        0x0 ..\obj\stm32l1xx_hal_nor.o
 .data          0x00000000        0x0 ..\obj\stm32l1xx_hal_nor.o
 .bss           0x00000000        0x0 ..\obj\stm32l1xx_hal_nor.o
 .debug_info    0x00000000       0x8e ..\obj\stm32l1xx_hal_nor.o
 .debug_abbrev  0x00000000       0x49 ..\obj\stm32l1xx_hal_nor.o
 .debug_aranges
                0x00000000       0x18 ..\obj\stm32l1xx_hal_nor.o
 .debug_line    0x00000000      0x14d ..\obj\stm32l1xx_hal_nor.o
 .debug_str     0x00000000      0x18a ..\obj\stm32l1xx_hal_nor.o
 .comment       0x00000000       0x6f ..\obj\stm32l1xx_hal_nor.o
 .ARM.attributes
                0x00000000       0x33 ..\obj\stm32l1xx_hal_nor.o
 .text          0x00000000      0x360 ..\obj\stm32l1xx_hal_pwr.o
 .data          0x00000000        0x0 ..\obj\stm32l1xx_hal_pwr.o
 .bss           0x00000000        0x0 ..\obj\stm32l1xx_hal_pwr.o
 .debug_info    0x00000000      0x8c5 ..\obj\stm32l1xx_hal_pwr.o
 .debug_abbrev  0x00000000      0x215 ..\obj\stm32l1xx_hal_pwr.o
 .debug_aranges
                0x00000000       0x20 ..\obj\stm32l1xx_hal_pwr.o
 .debug_line    0x00000000      0x303 ..\obj\stm32l1xx_hal_pwr.o
 .debug_str     0x00000000      0x44a ..\obj\stm32l1xx_hal_pwr.o
 .comment       0x00000000       0x6f ..\obj\stm32l1xx_hal_pwr.o
 .debug_frame   0x00000000      0x1f4 ..\obj\stm32l1xx_hal_pwr.o
 .ARM.attributes
                0x00000000       0x33 ..\obj\stm32l1xx_hal_pwr.o
 .data          0x00000000        0x0 ..\obj\my_string.o
 .bss           0x00000000        0x0 ..\obj\my_string.o
 .data          0x00000000        0x0 ..\obj\stm32l1xx_hal.o
 .text          0x00000000     0x1004 ..\obj\stm32l1xx_hal_smartcard.o
 .data          0x00000000        0x0 ..\obj\stm32l1xx_hal_smartcard.o
 .bss           0x00000000        0x0 ..\obj\stm32l1xx_hal_smartcard.o
 .debug_info    0x00000000      0xb3f ..\obj\stm32l1xx_hal_smartcard.o
 .debug_abbrev  0x00000000      0x210 ..\obj\stm32l1xx_hal_smartcard.o
 .debug_aranges
                0x00000000       0x20 ..\obj\stm32l1xx_hal_smartcard.o
 .debug_line    0x00000000      0x546 ..\obj\stm32l1xx_hal_smartcard.o
 .debug_str     0x00000000      0x8f5 ..\obj\stm32l1xx_hal_smartcard.o
 .comment       0x00000000       0x6f ..\obj\stm32l1xx_hal_smartcard.o
 .debug_frame   0x00000000      0x3a0 ..\obj\stm32l1xx_hal_smartcard.o
 .ARM.attributes
                0x00000000       0x33 ..\obj\stm32l1xx_hal_smartcard.o
 .text          0x00000000      0x7b4 ..\obj\stm32l1xx_hal_rtc.o
 .data          0x00000000        0x0 ..\obj\stm32l1xx_hal_rtc.o
 .bss           0x00000000        0x0 ..\obj\stm32l1xx_hal_rtc.o
 .debug_info    0x00000000      0x7e2 ..\obj\stm32l1xx_hal_rtc.o
 .debug_abbrev  0x00000000      0x18f ..\obj\stm32l1xx_hal_rtc.o
 .debug_aranges
                0x00000000       0x20 ..\obj\stm32l1xx_hal_rtc.o
 .debug_line    0x00000000      0x386 ..\obj\stm32l1xx_hal_rtc.o
 .debug_str     0x00000000      0x59b ..\obj\stm32l1xx_hal_rtc.o
 .comment       0x00000000       0x6f ..\obj\stm32l1xx_hal_rtc.o
 .debug_frame   0x00000000      0x250 ..\obj\stm32l1xx_hal_rtc.o
 .ARM.attributes
                0x00000000       0x33 ..\obj\stm32l1xx_hal_rtc.o
 .text          0x00000000        0x0 ..\obj\stm32l1xx_ll_sdmmc.o
 .data          0x00000000        0x0 ..\obj\stm32l1xx_ll_sdmmc.o
 .bss           0x00000000        0x0 ..\obj\stm32l1xx_ll_sdmmc.o
 .debug_info    0x00000000       0x8e ..\obj\stm32l1xx_ll_sdmmc.o
 .debug_abbrev  0x00000000       0x49 ..\obj\stm32l1xx_ll_sdmmc.o
 .debug_aranges
                0x00000000       0x18 ..\obj\stm32l1xx_ll_sdmmc.o
 .debug_line    0x00000000      0x14d ..\obj\stm32l1xx_ll_sdmmc.o
 .debug_str     0x00000000      0x18b ..\obj\stm32l1xx_ll_sdmmc.o
 .comment       0x00000000       0x6f ..\obj\stm32l1xx_ll_sdmmc.o
 .ARM.attributes
                0x00000000       0x33 ..\obj\stm32l1xx_ll_sdmmc.o
 .data          0x00000000        0x0 ..\obj\stm32l1xx_hal_dma.o
 .bss           0x00000000        0x0 ..\obj\stm32l1xx_hal_dma.o
 .data          0x00000000        0x0 ..\obj\stm32l1xx_hal_cortex.o
 .bss           0x00000000        0x0 ..\obj\stm32l1xx_hal_cortex.o
 .data          0x00000000        0x0 ..\obj\stm32l1xx_hal_msp_template.o
 .bss           0x00000000        0x0 ..\obj\stm32l1xx_hal_msp_template.o
 .data          0x00000000        0x0 ..\obj\ADC_func.o
 .bss           0x00000000        0x0 ..\obj\ADC_func.o
 .text          0x00000000      0xd74 ..\obj\stm32l1xx_hal_flash_ex.o
 .data          0x00000000        0x0 ..\obj\stm32l1xx_hal_flash_ex.o
 .bss           0x00000000        0x0 ..\obj\stm32l1xx_hal_flash_ex.o
 .debug_info    0x00000000      0xd3b ..\obj\stm32l1xx_hal_flash_ex.o
 .debug_abbrev  0x00000000      0x2a7 ..\obj\stm32l1xx_hal_flash_ex.o
 .debug_aranges
                0x00000000       0x20 ..\obj\stm32l1xx_hal_flash_ex.o
 .debug_line    0x00000000      0x50a ..\obj\stm32l1xx_hal_flash_ex.o
 .debug_str     0x00000000      0x8f7 ..\obj\stm32l1xx_hal_flash_ex.o
 .comment       0x00000000       0x6f ..\obj\stm32l1xx_hal_flash_ex.o
 .debug_frame   0x00000000      0x4b0 ..\obj\stm32l1xx_hal_flash_ex.o
 .ARM.attributes
                0x00000000       0x33 ..\obj\stm32l1xx_hal_flash_ex.o
 .data          0x00000000        0x0 ..\obj\clock.o
 .bss           0x00000000        0x0 ..\obj\clock.o
 .text          0x00000000     0x1284 ..\obj\stm32l1xx_hal_irda.o
 .data          0x00000000        0x0 ..\obj\stm32l1xx_hal_irda.o
 .bss           0x00000000        0x0 ..\obj\stm32l1xx_hal_irda.o
 .debug_info    0x00000000      0xc37 ..\obj\stm32l1xx_hal_irda.o
 .debug_abbrev  0x00000000      0x201 ..\obj\stm32l1xx_hal_irda.o
 .debug_aranges
                0x00000000       0x20 ..\obj\stm32l1xx_hal_irda.o
 .debug_line    0x00000000      0x5a6 ..\obj\stm32l1xx_hal_irda.o
 .debug_str     0x00000000      0x884 ..\obj\stm32l1xx_hal_irda.o
 .comment       0x00000000       0x6f ..\obj\stm32l1xx_hal_irda.o
 .debug_frame   0x00000000      0x4b0 ..\obj\stm32l1xx_hal_irda.o
 .ARM.attributes
                0x00000000       0x33 ..\obj\stm32l1xx_hal_irda.o
 .text          0x00000000      0x228 ..\obj\stm32l1xx_hal_wwdg.o
 .data          0x00000000        0x0 ..\obj\stm32l1xx_hal_wwdg.o
 .bss           0x00000000        0x0 ..\obj\stm32l1xx_hal_wwdg.o
 .debug_info    0x00000000      0x3b7 ..\obj\stm32l1xx_hal_wwdg.o
 .debug_abbrev  0x00000000      0x160 ..\obj\stm32l1xx_hal_wwdg.o
 .debug_aranges
                0x00000000       0x20 ..\obj\stm32l1xx_hal_wwdg.o
 .debug_line    0x00000000      0x2d1 ..\obj\stm32l1xx_hal_wwdg.o
 .debug_str     0x00000000      0x3a0 ..\obj\stm32l1xx_hal_wwdg.o
 .comment       0x00000000       0x6f ..\obj\stm32l1xx_hal_wwdg.o
 .debug_frame   0x00000000      0x194 ..\obj\stm32l1xx_hal_wwdg.o
 .ARM.attributes
                0x00000000       0x33 ..\obj\stm32l1xx_hal_wwdg.o
 .text          0x00000000        0x0 c:/program files (x86)/gnu tools arm embedded/5.4 2016q2/bin/../lib/gcc/arm-none-eabi/5.4.1/../../../../arm-none-eabi/lib/armv7-m\libg.a(lib_a-exit.o)
 .data          0x00000000        0x0 c:/program files (x86)/gnu tools arm embedded/5.4 2016q2/bin/../lib/gcc/arm-none-eabi/5.4.1/../../../../arm-none-eabi/lib/armv7-m\libg.a(lib_a-exit.o)
 .bss           0x00000000        0x0 c:/program files (x86)/gnu tools arm embedded/5.4 2016q2/bin/../lib/gcc/arm-none-eabi/5.4.1/../../../../arm-none-eabi/lib/armv7-m\libg.a(lib_a-exit.o)
 .text.exit     0x00000000       0x20 c:/program files (x86)/gnu tools arm embedded/5.4 2016q2/bin/../lib/gcc/arm-none-eabi/5.4.1/../../../../arm-none-eabi/lib/armv7-m\libg.a(lib_a-exit.o)
 .debug_frame   0x00000000       0x28 c:/program files (x86)/gnu tools arm embedded/5.4 2016q2/bin/../lib/gcc/arm-none-eabi/5.4.1/../../../../arm-none-eabi/lib/armv7-m\libg.a(lib_a-exit.o)
 .ARM.attributes
                0x00000000       0x2d c:/program files (x86)/gnu tools arm embedded/5.4 2016q2/bin/../lib/gcc/arm-none-eabi/5.4.1/../../../../arm-none-eabi/lib/armv7-m\libg.a(lib_a-exit.o)
 .text          0x00000000        0x0 c:/program files (x86)/gnu tools arm embedded/5.4 2016q2/bin/../lib/gcc/arm-none-eabi/5.4.1/../../../../arm-none-eabi/lib/armv7-m\libg.a(lib_a-impure.o)
 .data          0x00000000        0x0 c:/program files (x86)/gnu tools arm embedded/5.4 2016q2/bin/../lib/gcc/arm-none-eabi/5.4.1/../../../../arm-none-eabi/lib/armv7-m\libg.a(lib_a-impure.o)
 .bss           0x00000000        0x0 c:/program files (x86)/gnu tools arm embedded/5.4 2016q2/bin/../lib/gcc/arm-none-eabi/5.4.1/../../../../arm-none-eabi/lib/armv7-m\libg.a(lib_a-impure.o)
 .data._impure_ptr
                0x00000000        0x4 c:/program files (x86)/gnu tools arm embedded/5.4 2016q2/bin/../lib/gcc/arm-none-eabi/5.4.1/../../../../arm-none-eabi/lib/armv7-m\libg.a(lib_a-impure.o)
 .text          0x00000000        0x0 c:/program files (x86)/gnu tools arm embedded/5.4 2016q2/bin/../lib/gcc/arm-none-eabi/5.4.1/../../../../arm-none-eabi/lib/armv7-m\libg.a(lib_a-init.o)
 .data          0x00000000        0x0 c:/program files (x86)/gnu tools arm embedded/5.4 2016q2/bin/../lib/gcc/arm-none-eabi/5.4.1/../../../../arm-none-eabi/lib/armv7-m\libg.a(lib_a-init.o)
 .bss           0x00000000        0x0 c:/program files (x86)/gnu tools arm embedded/5.4 2016q2/bin/../lib/gcc/arm-none-eabi/5.4.1/../../../../arm-none-eabi/lib/armv7-m\libg.a(lib_a-init.o)
 .text          0x00000000        0x0 c:/program files (x86)/gnu tools arm embedded/5.4 2016q2/bin/../lib/gcc/arm-none-eabi/5.4.1/../../../../arm-none-eabi/lib/armv7-m\libg.a(lib_a-memset.o)
 .data          0x00000000        0x0 c:/program files (x86)/gnu tools arm embedded/5.4 2016q2/bin/../lib/gcc/arm-none-eabi/5.4.1/../../../../arm-none-eabi/lib/armv7-m\libg.a(lib_a-memset.o)
 .bss           0x00000000        0x0 c:/program files (x86)/gnu tools arm embedded/5.4 2016q2/bin/../lib/gcc/arm-none-eabi/5.4.1/../../../../arm-none-eabi/lib/armv7-m\libg.a(lib_a-memset.o)
 .text.memset   0x00000000       0x9c c:/program files (x86)/gnu tools arm embedded/5.4 2016q2/bin/../lib/gcc/arm-none-eabi/5.4.1/../../../../arm-none-eabi/lib/armv7-m\libg.a(lib_a-memset.o)
 .debug_frame   0x00000000       0x34 c:/program files (x86)/gnu tools arm embedded/5.4 2016q2/bin/../lib/gcc/arm-none-eabi/5.4.1/../../../../arm-none-eabi/lib/armv7-m\libg.a(lib_a-memset.o)
 .ARM.attributes
                0x00000000       0x2d c:/program files (x86)/gnu tools arm embedded/5.4 2016q2/bin/../lib/gcc/arm-none-eabi/5.4.1/../../../../arm-none-eabi/lib/armv7-m\libg.a(lib_a-memset.o)
 .text          0x00000000        0x0 c:/program files (x86)/gnu tools arm embedded/5.4 2016q2/bin/../lib/gcc/arm-none-eabi/5.4.1/../../../../arm-none-eabi/lib/armv7-m\libg.a(lib_a-__call_atexit.o)
 .data          0x00000000        0x0 c:/program files (x86)/gnu tools arm embedded/5.4 2016q2/bin/../lib/gcc/arm-none-eabi/5.4.1/../../../../arm-none-eabi/lib/armv7-m\libg.a(lib_a-__call_atexit.o)
 .bss           0x00000000        0x0 c:/program files (x86)/gnu tools arm embedded/5.4 2016q2/bin/../lib/gcc/arm-none-eabi/5.4.1/../../../../arm-none-eabi/lib/armv7-m\libg.a(lib_a-__call_atexit.o)
 .text.__call_exitprocs
                0x00000000       0xd8 c:/program files (x86)/gnu tools arm embedded/5.4 2016q2/bin/../lib/gcc/arm-none-eabi/5.4.1/../../../../arm-none-eabi/lib/armv7-m\libg.a(lib_a-__call_atexit.o)
 .text          0x00000000        0x0 c:/program files (x86)/gnu tools arm embedded/5.4 2016q2/bin/../lib/gcc/arm-none-eabi/5.4.1/../../../../arm-none-eabi/lib/armv7-m\libg.a(lib_a-atexit.o)
 .data          0x00000000        0x0 c:/program files (x86)/gnu tools arm embedded/5.4 2016q2/bin/../lib/gcc/arm-none-eabi/5.4.1/../../../../arm-none-eabi/lib/armv7-m\libg.a(lib_a-atexit.o)
 .bss           0x00000000        0x0 c:/program files (x86)/gnu tools arm embedded/5.4 2016q2/bin/../lib/gcc/arm-none-eabi/5.4.1/../../../../arm-none-eabi/lib/armv7-m\libg.a(lib_a-atexit.o)
 .text          0x00000000        0x0 c:/program files (x86)/gnu tools arm embedded/5.4 2016q2/bin/../lib/gcc/arm-none-eabi/5.4.1/../../../../arm-none-eabi/lib/armv7-m\libg.a(lib_a-fini.o)
 .data          0x00000000        0x0 c:/program files (x86)/gnu tools arm embedded/5.4 2016q2/bin/../lib/gcc/arm-none-eabi/5.4.1/../../../../arm-none-eabi/lib/armv7-m\libg.a(lib_a-fini.o)
 .bss           0x00000000        0x0 c:/program files (x86)/gnu tools arm embedded/5.4 2016q2/bin/../lib/gcc/arm-none-eabi/5.4.1/../../../../arm-none-eabi/lib/armv7-m\libg.a(lib_a-fini.o)
 .text          0x00000000        0x0 c:/program files (x86)/gnu tools arm embedded/5.4 2016q2/bin/../lib/gcc/arm-none-eabi/5.4.1/../../../../arm-none-eabi/lib/armv7-m\libg.a(lib_a-__atexit.o)
 .data          0x00000000        0x0 c:/program files (x86)/gnu tools arm embedded/5.4 2016q2/bin/../lib/gcc/arm-none-eabi/5.4.1/../../../../arm-none-eabi/lib/armv7-m\libg.a(lib_a-__atexit.o)
 .bss           0x00000000        0x0 c:/program files (x86)/gnu tools arm embedded/5.4 2016q2/bin/../lib/gcc/arm-none-eabi/5.4.1/../../../../arm-none-eabi/lib/armv7-m\libg.a(lib_a-__atexit.o)
 .text          0x00000000        0x0 c:/program files (x86)/gnu tools arm embedded/5.4 2016q2/bin/../lib/gcc/arm-none-eabi/5.4.1/armv7-m/crtend.o
 .data          0x00000000        0x0 c:/program files (x86)/gnu tools arm embedded/5.4 2016q2/bin/../lib/gcc/arm-none-eabi/5.4.1/armv7-m/crtend.o
 .bss           0x00000000        0x0 c:/program files (x86)/gnu tools arm embedded/5.4 2016q2/bin/../lib/gcc/arm-none-eabi/5.4.1/armv7-m/crtend.o
 .eh_frame      0x00000000        0x4 c:/program files (x86)/gnu tools arm embedded/5.4 2016q2/bin/../lib/gcc/arm-none-eabi/5.4.1/armv7-m/crtend.o
 .text          0x00000000        0x0 c:/program files (x86)/gnu tools arm embedded/5.4 2016q2/bin/../lib/gcc/arm-none-eabi/5.4.1/armv7-m/crtn.o
 .data          0x00000000        0x0 c:/program files (x86)/gnu tools arm embedded/5.4 2016q2/bin/../lib/gcc/arm-none-eabi/5.4.1/armv7-m/crtn.o
 .bss           0x00000000        0x0 c:/program files (x86)/gnu tools arm embedded/5.4 2016q2/bin/../lib/gcc/arm-none-eabi/5.4.1/armv7-m/crtn.o

Memory Configuration

Name             Origin             Length             Attributes
rom              0x08000000         0x00010000         xr
ram              0x20000000         0x00002800         xrw
*default*        0x00000000         0xffffffff

Linker script and memory map

LOAD c:/program files (x86)/gnu tools arm embedded/5.4 2016q2/bin/../lib/gcc/arm-none-eabi/5.4.1/armv7-m/crti.o
LOAD c:/program files (x86)/gnu tools arm embedded/5.4 2016q2/bin/../lib/gcc/arm-none-eabi/5.4.1/armv7-m/crtbegin.o
LOAD c:/program files (x86)/gnu tools arm embedded/5.4 2016q2/bin/../lib/gcc/arm-none-eabi/5.4.1/../../../../arm-none-eabi/lib/armv7-m/crt0.o
                0x20002800                _eram = 0x20002800

.text           0x08000000     0x6f8c
 *(.isr_vector)
 .isr_vector    0x08000000      0x13c ..\obj\startup_stm32l151xba.o
                0x08000000                g_pfnVectors
 *(.text*)
 .text          0x0800013c       0x5c c:/program files (x86)/gnu tools arm embedded/5.4 2016q2/bin/../lib/gcc/arm-none-eabi/5.4.1/armv7-m/crtbegin.o
 .text          0x08000198      0x39c ..\obj\TIMs.o
                0x080001c8                TIM2_init
                0x08000214                TIM7_init
                0x08000268                TIM7_IRQHandler
                0x080002b0                check_time_to_guard_on
                0x080002e8                check_led_blink
                0x080003a4                TIM6_init
                0x080003d8                set_timeout
                0x08000418                while_timeout
                0x08000438                reset_timer
                0x08000460                TIM2_set_pwm_duty_cycle
                0x08000490                check_time_to_alarm
                0x080004d0                check_lamp_blink
 .text          0x08000534     0x1718 ..\obj\stm32l1xx_hal_uart.o
                0x08000534                HAL_UART_Init
                0x080005c0                HAL_HalfDuplex_Init
                0x0800065c                HAL_LIN_Init
                0x0800071c                HAL_MultiProcessor_Init
                0x080007d8                HAL_UART_DeInit
                0x0800082c                HAL_UART_MspInit
                0x08000840                HAL_UART_MspDeInit
                0x08000854                HAL_UART_Transmit
                0x080009a8                HAL_UART_Receive
                0x08000b1c                HAL_UART_Transmit_IT
                0x08000bec                HAL_UART_Receive_IT
                0x08000cbc                HAL_UART_Transmit_DMA
                0x08000da8                HAL_UART_Receive_DMA
                0x08000e90                HAL_UART_DMAPause
                0x08000f38                HAL_UART_DMAResume
                0x08000ff8                HAL_UART_DMAStop
                0x08001058                HAL_UART_IRQHandler
                0x08001260                HAL_UART_TxCpltCallback
                0x08001274                HAL_UART_TxHalfCpltCallback
                0x08001288                HAL_UART_RxCpltCallback
                0x0800129c                HAL_UART_RxHalfCpltCallback
                0x080012b0                HAL_UART_ErrorCallback
                0x080012c4                HAL_LIN_SendBreak
                0x08001318                HAL_MultiProcessor_EnterMuteMode
                0x0800136c                HAL_MultiProcessor_ExitMuteMode
                0x080013c0                HAL_HalfDuplex_EnableTransmitter
                0x08001428                HAL_HalfDuplex_EnableReceiver
                0x08001490                HAL_UART_GetState
                0x080014ac                HAL_UART_GetError
 .text          0x08001c4c      0x59c ..\obj\guard_func.o
                0x08001c4c                guard_on
                0x08001c8c                guard_off
                0x08001cc0                output_on_mode
                0x08001d0c                output_off_mode
                0x08001d58                output_on_hand
                0x08001d80                output_off_hand
                0x08001da8                led_on_mode
                0x08001df8                led_off_mode
                0x08001e48                output_on
                0x08001e74                output_off
                0x08001ea0                alarm_on
                0x08001eb8                alarm_off
                0x08001ed0                led_blink
                0x08001f08                led_blink_stop
                0x08001f30                check_battery
                0x08001f40                check_inputs
                0x080020d8                read_settings
 .text          0x080021e8      0x120 ..\obj\GPIO_func.o
                0x080021e8                GPIO_init
 .text          0x08002308      0x6ac ..\obj\modem.o
                0x08002308                MODEM_ON
                0x08002380                get_next_gsm_message
                0x08002428                clear_gsm_buffer
                0x0800243c                check_gsm_message
                0x08002458                parse_gsm_message
                0x080024b4                clear_gsm_message
                0x08002504                send_command_to_GSM
                0x08002580                modem_setup
                0x08002618                modem_send_sms_message
                0x080026bc                send_int_as_hex_to_GSM
                0x08002720                int_to_hex
                0x08002734                ucs_to_eng
                0x0800285c                send_text_as_ucs
                0x0800294c                hexchar_to_dec
                0x08002974                number_for_pdu
                0x08002988                modem_call
 .text          0x080029b4      0x124 ..\obj\EEPROMfunc.o
                0x080029b4                EEPROMInit
                0x080029d8                EEPROMEnable
                0x08002a00                EEPROMDisable
                0x08002a1c                EEPROMWrite
                0x08002a8c                EEPROMRead
 .text          0x08002ad8     0x2254 ..\obj\stm32l1xx_hal_rcc.o
                0x08002ad8                HAL_RCC_DeInit
                0x08002b80                HAL_RCC_OscConfig
                0x080040e0                HAL_RCC_ClockConfig
                0x08004834                HAL_RCC_MCOConfig
                0x08004894                HAL_RCC_EnableCSS
                0x080048d4                HAL_RCC_DisableCSS
                0x08004914                HAL_RCC_GetSysClockFreq
                0x08004a3c                HAL_RCC_GetHCLKFreq
                0x08004a94                HAL_RCC_GetPCLK1Freq
                0x08004ae0                HAL_RCC_GetPCLK2Freq
                0x08004b2c                HAL_RCC_GetOscConfig
                0x08004c98                HAL_RCC_GetClockConfig
                0x08004cf8                HAL_RCC_NMI_IRQHandler
                0x08004d20                HAL_RCC_CCSCallback
 .text          0x08004d2c      0x254 ..\obj\UART.o
                0x08004d5c                UART1_init
                0x08004dc8                send_string_to_GSM
                0x08004e00                send_char_to_GSM
                0x08004e2c                USART1_IRQHandler
                0x08004e4c                USART_get_message
                0x08004e90                send_int_to_GSM
 .text          0x08004f80      0x558 ..\obj\stm32l1xx_hal_gpio.o
                0x08004f80                HAL_GPIO_Init
                0x08005284                HAL_GPIO_DeInit
                0x080053c0                HAL_GPIO_ReadPin
                0x080053f0                HAL_GPIO_WritePin
                0x08005420                HAL_GPIO_TogglePin
                0x08005444                HAL_GPIO_LockPin
                0x08005494                HAL_GPIO_EXTI_IRQHandler
                0x080054c4                HAL_GPIO_EXTI_Callback
 .text.Reset_Handler
                0x080054d8       0x48 ..\obj\startup_stm32l151xba.o
                0x080054d8                Reset_Handler
 .text.Default_Handler
                0x08005520        0x2 ..\obj\startup_stm32l151xba.o
                0x08005520                RTC_Alarm_IRQHandler
                0x08005520                EXTI2_IRQHandler
                0x08005520                DebugMon_Handler
                0x08005520                TIM10_IRQHandler
                0x08005520                USB_HP_IRQHandler
                0x08005520                TIM6_IRQHandler
                0x08005520                SysTick_Handler
                0x08005520                PVD_IRQHandler
                0x08005520                PendSV_Handler
                0x08005520                NMI_Handler
                0x08005520                EXTI3_IRQHandler
                0x08005520                EXTI0_IRQHandler
                0x08005520                I2C2_EV_IRQHandler
                0x08005520                SPI1_IRQHandler
                0x08005520                USB_FS_WKUP_IRQHandler
                0x08005520                DMA1_Channel4_IRQHandler
                0x08005520                ADC1_IRQHandler
                0x08005520                USART3_IRQHandler
                0x08005520                DMA1_Channel7_IRQHandler
                0x08005520                TIM4_IRQHandler
                0x08005520                I2C1_EV_IRQHandler
                0x08005520                DMA1_Channel6_IRQHandler
                0x08005520                TIM3_IRQHandler
                0x08005520                RCC_IRQHandler
                0x08005520                DMA1_Channel1_IRQHandler
                0x08005520                Default_Handler
                0x08005520                EXTI15_10_IRQHandler
                0x08005520                EXTI9_5_IRQHandler
                0x08005520                TIM9_IRQHandler
                0x08005520                TAMPER_STAMP_IRQHandler
                0x08005520                RTC_WKUP_IRQHandler
                0x08005520                SPI2_IRQHandler
                0x08005520                SVC_Handler
                0x08005520                DMA1_Channel5_IRQHandler
                0x08005520                USB_LP_IRQHandler
                0x08005520                EXTI4_IRQHandler
                0x08005520                DMA1_Channel3_IRQHandler
                0x08005520                COMP_IRQHandler
                0x08005520                WWDG_IRQHandler
                0x08005520                TIM2_IRQHandler
                0x08005520                DAC_IRQHandler
                0x08005520                EXTI1_IRQHandler
                0x08005520                TIM11_IRQHandler
                0x08005520                USART2_IRQHandler
                0x08005520                I2C2_ER_IRQHandler
                0x08005520                DMA1_Channel2_IRQHandler
                0x08005520                FLASH_IRQHandler
                0x08005520                I2C1_ER_IRQHandler
 *fill*         0x08005522        0x2 
 .text          0x08005524      0x1c0 ..\obj\system_stm32l1xx.o
                0x08005524                SystemInit
                0x0800558c                SystemCoreClockUpdate
 .text          0x080056e4      0x128 ..\obj\main.o
                0x080056e4                main
                0x08005750                BusFault_Handler
                0x0800576c                UsageFault_Handler
                0x08005788                MemManage_Handler
                0x080057a4                HardFault_Handler
                0x080057c8                prvGetRegistersFromStack
 .text          0x0800580c       0xb4 ..\obj\my_string.o
                0x0800580c                find_str
                0x08005894                str_length
 .text          0x080058c0      0x240 ..\obj\stm32l1xx_hal.o
                0x080058c0                HAL_Init
                0x080058f8                HAL_DeInit
                0x0800594c                HAL_InitTick
                0x08005984                HAL_IncTick
                0x080059a0                HAL_GetTick
                0x080059b4                HAL_Delay
                0x080059e0                HAL_SuspendTick
                0x080059fc                HAL_ResumeTick
                0x08005a18                HAL_GetHalVersion
                0x08005a28                HAL_GetREVID
                0x08005a40                HAL_GetDEVID
                0x08005a58                HAL_EnableDBGSleepMode
                0x08005a74                HAL_DisableDBGSleepMode
                0x08005a90                HAL_EnableDBGStopMode
                0x08005aac                HAL_DisableDBGStopMode
                0x08005ac8                HAL_EnableDBGStandbyMode
                0x08005ae4                HAL_DisableDBGStandbyMode
 .text          0x08005b00      0xbd0 ..\obj\stm32l1xx_hal_dma.o
                0x08005b00                HAL_DMA_Init
                0x08005b84                HAL_DMA_DeInit
                0x08005d64                HAL_DMA_Start
                0x08005dc8                HAL_DMA_Start_IT
                0x08005e5c                HAL_DMA_Abort
                0x08005ed8                HAL_DMA_PollForTransfer
                0x08006274                HAL_DMA_IRQHandler
                0x08006654                HAL_DMA_GetState
                0x0800666c                HAL_DMA_GetError
 .text          0x080066d0      0x53c ..\obj\stm32l1xx_hal_cortex.o
                0x08006a5c                HAL_NVIC_SetPriorityGrouping
                0x08006a74                HAL_NVIC_SetPriority
                0x08006aac                HAL_NVIC_EnableIRQ
                0x08006ac8                HAL_NVIC_DisableIRQ
                0x08006ae4                HAL_NVIC_SystemReset
                0x08006af0                HAL_SYSTICK_Config
                0x08006b08                HAL_NVIC_GetPriorityGrouping
                0x08006b18                HAL_NVIC_GetPriority
                0x08006b44                HAL_NVIC_SetPendingIRQ
                0x08006b60                HAL_NVIC_GetPendingIRQ
                0x08006b80                HAL_NVIC_ClearPendingIRQ
                0x08006b9c                HAL_NVIC_GetActive
                0x08006bbc                HAL_SYSTICK_CLKSourceConfig
                0x08006bf4                HAL_SYSTICK_IRQHandler
                0x08006c00                HAL_SYSTICK_Callback
 .text          0x08006c0c       0x30 ..\obj\stm32l1xx_hal_msp_template.o
                0x08006c0c                HAL_MspInit
                0x08006c18                HAL_MspDeInit
                0x08006c24                HAL_PPP_MspInit
                0x08006c30                HAL_PPP_MspDeInit
 .text          0x08006c3c       0x84 ..\obj\ADC_func.o
                0x08006c3c                ADC_init
                0x08006c80                ADC_read
 .text          0x08006cc0       0x58 ..\obj\clock.o
                0x08006cc0                set_core_clock
 .text.__libc_init_array
                0x08006d18       0x50 c:/program files (x86)/gnu tools arm embedded/5.4 2016q2/bin/../lib/gcc/arm-none-eabi/5.4.1/../../../../arm-none-eabi/lib/armv7-m\libg.a(lib_a-init.o)
                0x08006d18                __libc_init_array
 .text.startup.register_fini
                0x08006d68       0x14 c:/program files (x86)/gnu tools arm embedded/5.4 2016q2/bin/../lib/gcc/arm-none-eabi/5.4.1/../../../../arm-none-eabi/lib/armv7-m\libg.a(lib_a-__call_atexit.o)
 .text.atexit   0x08006d7c        0xc c:/program files (x86)/gnu tools arm embedded/5.4 2016q2/bin/../lib/gcc/arm-none-eabi/5.4.1/../../../../arm-none-eabi/lib/armv7-m\libg.a(lib_a-atexit.o)
                0x08006d7c                atexit
 .text.__libc_fini_array
                0x08006d88       0x28 c:/program files (x86)/gnu tools arm embedded/5.4 2016q2/bin/../lib/gcc/arm-none-eabi/5.4.1/../../../../arm-none-eabi/lib/armv7-m\libg.a(lib_a-fini.o)
                0x08006d88                __libc_fini_array
 .text.__register_exitproc
                0x08006db0       0xa4 c:/program files (x86)/gnu tools arm embedded/5.4 2016q2/bin/../lib/gcc/arm-none-eabi/5.4.1/../../../../arm-none-eabi/lib/armv7-m\libg.a(lib_a-__atexit.o)
                0x08006db0                __register_exitproc
 *(.init)
 .init          0x08006e54        0x4 c:/program files (x86)/gnu tools arm embedded/5.4 2016q2/bin/../lib/gcc/arm-none-eabi/5.4.1/armv7-m/crti.o
                0x08006e54                _init
 .init          0x08006e58        0x8 c:/program files (x86)/gnu tools arm embedded/5.4 2016q2/bin/../lib/gcc/arm-none-eabi/5.4.1/armv7-m/crtn.o
 *(.fini)
 .fini          0x08006e60        0x4 c:/program files (x86)/gnu tools arm embedded/5.4 2016q2/bin/../lib/gcc/arm-none-eabi/5.4.1/armv7-m/crti.o
                0x08006e60                _fini
 .fini          0x08006e64        0x8 c:/program files (x86)/gnu tools arm embedded/5.4 2016q2/bin/../lib/gcc/arm-none-eabi/5.4.1/armv7-m/crtn.o
 *crtbegin.o(.ctors)
 *crtbegin?.o(.ctors)
 *(EXCLUDE_FILE(*crtend.o *crtend?.o) .ctors)
 *(SORT(.ctors.*))
 *(.ctors)
 *crtbegin.o(.dtors)
 *crtbegin?.o(.dtors)
 *(EXCLUDE_FILE(*crtend.o *crtend?.o) .dtors)
 *(SORT(.dtors.*))
 *(.dtors)
 *(.rodata*)
 .rodata        0x08006e6c       0xe8 ..\obj\modem.o
 .rodata        0x08006f54       0x1d ..\obj\stm32l1xx_hal_rcc.o
                0x08006f54                aAPBAHBPrescTable
                0x08006f64                aPLLDivisionFactorTable
                0x08006f68                aPLLMulFactorTable
 *fill*         0x08006f71        0x3 
 .rodata        0x08006f74        0xe ..\obj\main.o
 *fill*         0x08006f82        0x2 
 .rodata.str1.4
                0x08006f84        0x4 c:/program files (x86)/gnu tools arm embedded/5.4 2016q2/bin/../lib/gcc/arm-none-eabi/5.4.1/../../../../arm-none-eabi/lib/armv7-m\libg.a(lib_a-impure.o)
                                  0x2 (size before relaxing)
 .rodata._global_impure_ptr
                0x08006f88        0x4 c:/program files (x86)/gnu tools arm embedded/5.4 2016q2/bin/../lib/gcc/arm-none-eabi/5.4.1/../../../../arm-none-eabi/lib/armv7-m\libg.a(lib_a-impure.o)
                0x08006f88                _global_impure_ptr
 *(.eh_fram e*)

.eh_frame       0x08006f8c        0x0
 .eh_frame      0x08006f8c        0x0 c:/program files (x86)/gnu tools arm embedded/5.4 2016q2/bin/../lib/gcc/arm-none-eabi/5.4.1/armv7-m/crtbegin.o

.glue_7         0x08006f8c        0x0
 .glue_7        0x08006f8c        0x0 linker stubs

.glue_7t        0x08006f8c        0x0
 .glue_7t       0x08006f8c        0x0 linker stubs

.vfp11_veneer   0x08006f8c        0x0
 .vfp11_veneer  0x08006f8c        0x0 linker stubs

.v4_bx          0x08006f8c        0x0
 .v4_bx         0x08006f8c        0x0 linker stubs

.iplt           0x08006f8c        0x0
 .iplt          0x08006f8c        0x0 c:/program files (x86)/gnu tools arm embedded/5.4 2016q2/bin/../lib/gcc/arm-none-eabi/5.4.1/armv7-m/crtbegin.o

.rel.dyn        0x08006f8c        0x0
 .rel.iplt      0x08006f8c        0x0 c:/program files (x86)/gnu tools arm embedded/5.4 2016q2/bin/../lib/gcc/arm-none-eabi/5.4.1/armv7-m/crtbegin.o

.ARM.extab
 *(.ARM.extab* .gnu.linkonce.armextab.*)
                0x08006f8c                __exidx_start = .

.ARM.exidx
 *(.ARM.exidx* .gnu.linkonce.armexidx.*)
                0x08006f8c                __exidx_end = .
                0x08006f8c                __etext = .
                0x08006f8c                _sidata = __etext

.data           0x20000000      0x4e8 load address 0x08006f8c
                0x20000000                __data_start__ = .
                0x20000000                _sdata = __data_start__
 *(vtable)
 *(.data*)
 .data          0x20000000        0x1 ..\obj\TIMs.o
                0x20000000                lamp_blink_time
 *fill*         0x20000001        0x3 
 .data          0x20000004       0x69 ..\obj\guard_func.o
                0x20000004                led_blink_time_on
                0x2000000c                led_blink_time_off
                0x20000014                time_to_alarm
                0x20000018                outputs
                0x20000024                outputs_mode
                0x2000002c                leds
                0x2000003c                led_mode
                0x20000044                inputs
                0x20000050                inputs_max
                0x2000005c                inputs_min
                0x20000068                inputs_mode_bit
 *fill*         0x2000006d        0x3 
 .data          0x20000070       0x20 ..\obj\system_stm32l1xx.o
                0x20000070                SystemCoreClock
                0x20000074                PLLMulTable
                0x20000080                AHBPrescTable
 .data          0x20000090       0x1a ..\obj\main.o
                0x20000090                temp_address
                0x200000a0                number_call
 *fill*         0x200000aa        0x6 
 .data.impure_data
                0x200000b0      0x428 c:/program files (x86)/gnu tools arm embedded/5.4 2016q2/bin/../lib/gcc/arm-none-eabi/5.4.1/../../../../arm-none-eabi/lib/armv7-m\libg.a(lib_a-impure.o)
                0x200004d8                . = ALIGN (0x4)
                0x200004d8                PROVIDE (__preinit_array_start, .)
 *(.preinit_array)
                0x200004d8                PROVIDE (__preinit_array_end, .)
                0x200004d8                . = ALIGN (0x4)
                0x200004d8                PROVIDE (__init_array_start, .)
 *(SORT(.init_array.*))
 .init_array.00000
                0x200004d8        0x4 c:/program files (x86)/gnu tools arm embedded/5.4 2016q2/bin/../lib/gcc/arm-none-eabi/5.4.1/../../../../arm-none-eabi/lib/armv7-m\libg.a(lib_a-__call_atexit.o)
 *(.init_array)
 .init_array    0x200004dc        0x4 c:/program files (x86)/gnu tools arm embedded/5.4 2016q2/bin/../lib/gcc/arm-none-eabi/5.4.1/armv7-m/crtbegin.o
                0x200004e0                PROVIDE (__init_array_end, .)
                0x200004e0                . = ALIGN (0x4)
                0x200004e0                PROVIDE (__fini_array_start, .)
 *(SORT(.fini_array.*))
 *(.fini_array)
 .fini_array    0x200004e0        0x4 c:/program files (x86)/gnu tools arm embedded/5.4 2016q2/bin/../lib/gcc/arm-none-eabi/5.4.1/armv7-m/crtbegin.o
                0x200004e4                PROVIDE (__fini_array_end, .)
 *(.jcr*)
 .jcr           0x200004e4        0x0 c:/program files (x86)/gnu tools arm embedded/5.4 2016q2/bin/../lib/gcc/arm-none-eabi/5.4.1/armv7-m/crtbegin.o
 .jcr           0x200004e4        0x4 c:/program files (x86)/gnu tools arm embedded/5.4 2016q2/bin/../lib/gcc/arm-none-eabi/5.4.1/armv7-m/crtend.o
                0x200004e8                . = ALIGN (0x4)
                0x200004e8                __data_end__ = .
                0x200004e8                _edata = __data_end__

.igot.plt       0x200004e8        0x0 load address 0x08007474
 .igot.plt      0x200004e8        0x0 c:/program files (x86)/gnu tools arm embedded/5.4 2016q2/bin/../lib/gcc/arm-none-eabi/5.4.1/armv7-m/crtbegin.o

.bss            0x200004e8      0x38c load address 0x08007474
                0x200004e8                . = ALIGN (0x4)
                0x200004e8                __bss_start__ = .
                0x200004e8                _sbss = __bss_start__
 *(.bss*)
 .bss           0x200004e8       0x1c c:/program files (x86)/gnu tools arm embedded/5.4 2016q2/bin/../lib/gcc/arm-none-eabi/5.4.1/armv7-m/crtbegin.o
 .bss           0x20000504        0x1 ..\obj\TIMs.o
                0x20000504                m_sec
 *fill*         0x20000505        0x3 
 .bss           0x20000508        0xd ..\obj\guard_func.o
                0x20000508                time_to_guard_on
                0x2000050a                time_set_to_guard_on
                0x2000050c                alarm_st
                0x2000050d                last_alarm
                0x2000050e                guard_st
                0x20000510                inputs_time_to_alarm
 *fill*         0x20000515        0x3 
 .bss           0x20000518        0x6 ..\obj\modem.o
                0x20000518                modem_state
                0x2000051c                gsm_message_check_counter
 .bss           0x2000051e        0x2 ..\obj\UART.o
                0x2000051e                gsm_buffer_char_counter
 .bss           0x20000520        0x4 ..\obj\stm32l1xx_hal.o
 *(COMMON)
 COMMON         0x20000524       0x1a ..\obj\TIMs.o
                0x20000524                led_blink_time
                0x2000052c                leds_mode
                0x20000534                inputs_mode
 *fill*         0x2000053e        0x2 
 COMMON         0x20000540       0x90 ..\obj\guard_func.o
                0x20000540                u_battary
                0x20000544                tel_number
                0x2000057c                ds18x20_id
                0x200005a4                tm_id
                0x200005cc                EEPROMAddress
 COMMON         0x200005d0      0x22c ..\obj\modem.o
                0x200005d0                gsm_message
                0x20000604                counter
                0x20000608                gsm_buffer
 COMMON         0x200007fc       0x78 ..\obj\UART.o
                0x200007fc                huart1
                0x20000838                huart2
                0x20000874                . = ALIGN (0x4)
                0x20000874                __bss_end__ = .
                0x20000874                _ebss = __bss_end__

.heap           0x20000874        0x0
                0x20000874                __end__ = .
                0x20000874                _end = __end__
                0x20000874                end = __end__
 *(.heap*)
                0x20000874                __HeapLimit = .

.co_stack       0x20000874        0x4 load address 0x08007800
                0x20000878                . = ALIGN (0x8)
 *fill*         0x20000874        0x4 
 *(.co_stack .co_stack.*)
                0x20002800                __StackTop = (ORIGIN (ram) + LENGTH (ram))
                0x200027fc                __StackLimit = (__StackTop - SIZEOF (.co_stack))
                0x20002800                PROVIDE (__stack, __StackTop)
                0x00000001                ASSERT ((__StackLimit >= __HeapLimit), region ram  overflowed with stack)
LOAD ..\obj\stm32l1xx_hal_rcc_ex.o
LOAD ..\obj\stm32l1xx_hal_tim.o
LOAD ..\obj\stm32l1xx_hal_sram.o
LOAD ..\obj\stm32l1xx_hal_sd.o
LOAD ..\obj\TIMs.o
LOAD ..\obj\stm32l1xx_hal_adc.o
LOAD ..\obj\stm32l1xx_hal_uart.o
LOAD ..\obj\stm32l1xx_hal_pcd_ex.o
LOAD ..\obj\guard_func.o
LOAD ..\obj\stm32l1xx_hal_pcd.o
LOAD ..\obj\stm32l1xx_hal_spi_ex.o
LOAD ..\obj\stm32l1xx_hal_opamp.o
LOAD ..\obj\GPIO_func.o
LOAD ..\obj\stm32l1xx_hal_comp.o
LOAD ..\obj\stm32l1xx_hal_iwdg.o
LOAD ..\obj\stm32l1xx_hal_flash_ramfunc.o
LOAD ..\obj\modem.o
LOAD ..\obj\stm32l1xx_hal_cryp.o
LOAD ..\obj\stm32l1xx_hal_dac_ex.o
LOAD ..\obj\stm32l1xx_hal_tim_ex.o
LOAD ..\obj\stm32l1xx_hal_cryp_ex.o
LOAD ..\obj\EEPROMfunc.o
LOAD ..\obj\stm32l1xx_ll_fsmc.o
LOAD ..\obj\1-Wire.o
LOAD ..\obj\stm32l1xx_hal_rcc.o
LOAD ..\obj\UART.o
LOAD ..\obj\stm32l1xx_hal_gpio.o
LOAD ..\obj\stm32l1xx_hal_opamp_ex.o
LOAD ..\obj\stm32l1xx_hal_i2c.o
LOAD ..\obj\startup_stm32l151xba.o
LOAD ..\obj\stm32l1xx_hal_usart.o
LOAD ..\obj\stm32l1xx_hal_lcd.o
LOAD ..\obj\system_stm32l1xx.o
LOAD ..\obj\main.o
LOAD ..\obj\stm32l1xx_hal_flash.o
LOAD ..\obj\stm32l1xx_hal_rtc_ex.o
LOAD ..\obj\stm32l1xx_hal_i2s.o
LOAD ..\obj\stm32l1xx_hal_dac.o
LOAD ..\obj\stm32l1xx_hal_spi.o
LOAD ..\obj\stm32l1xx_hal_pwr_ex.o
LOAD ..\obj\stm32l1xx_hal_crc.o
LOAD ..\obj\stm32l1xx_hal_adc_ex.o
LOAD ..\obj\stm32l1xx_hal_nor.o
LOAD ..\obj\stm32l1xx_hal_pwr.o
LOAD ..\obj\my_string.o
LOAD ..\obj\stm32l1xx_hal.o
LOAD ..\obj\stm32l1xx_hal_smartcard.o
LOAD ..\obj\stm32l1xx_hal_rtc.o
LOAD ..\obj\stm32l1xx_ll_sdmmc.o
LOAD ..\obj\stm32l1xx_hal_dma.o
LOAD ..\obj\stm32l1xx_hal_cortex.o
LOAD ..\obj\stm32l1xx_hal_msp_template.o
LOAD ..\obj\ADC_func.o
LOAD ..\obj\stm32l1xx_hal_flash_ex.o
LOAD ..\obj\clock.o
LOAD ..\obj\stm32l1xx_hal_irda.o
LOAD ..\obj\stm32l1xx_hal_wwdg.o
START GROUP
LOAD c:/program files (x86)/gnu tools arm embedded/5.4 2016q2/bin/../lib/gcc/arm-none-eabi/5.4.1/armv7-m\libgcc.a
LOAD c:/program files (x86)/gnu tools arm embedded/5.4 2016q2/bin/../lib/gcc/arm-none-eabi/5.4.1/../../../../arm-none-eabi/lib/armv7-m\libg.a
LOAD c:/program files (x86)/gnu tools arm embedded/5.4 2016q2/bin/../lib/gcc/arm-none-eabi/5.4.1/../../../../arm-none-eabi/lib/armv7-m\libc.a
END GROUP
LOAD c:/program files (x86)/gnu tools arm embedded/5.4 2016q2/bin/../lib/gcc/arm-none-eabi/5.4.1/armv7-m/crtend.o
LOAD c:/program files (x86)/gnu tools arm embedded/5.4 2016q2/bin/../lib/gcc/arm-none-eabi/5.4.1/armv7-m/crtn.o
OUTPUT(STM32L151C8T6.elf elf32-littlearm)

.ARM.attributes
                0x00000000       0x29
 .ARM.attributes
                0x00000000       0x1d c:/program files (x86)/gnu tools arm embedded/5.4 2016q2/bin/../lib/gcc/arm-none-eabi/5.4.1/armv7-m/crti.o
 .ARM.attributes
                0x0000001d       0x2d c:/program files (x86)/gnu tools arm embedded/5.4 2016q2/bin/../lib/gcc/arm-none-eabi/5.4.1/armv7-m/crtbegin.o
 .ARM.attributes
                0x0000004a       0x33 ..\obj\TIMs.o
 .ARM.attributes
                0x0000007d       0x33 ..\obj\stm32l1xx_hal_uart.o
 .ARM.attributes
                0x000000b0       0x33 ..\obj\guard_func.o
 .ARM.attributes
                0x000000e3       0x33 ..\obj\GPIO_func.o
 .ARM.attributes
                0x00000116       0x33 ..\obj\modem.o
 .ARM.attributes
                0x00000149       0x33 ..\obj\EEPROMfunc.o
 .ARM.attributes
                0x0000017c       0x33 ..\obj\stm32l1xx_hal_rcc.o
 .ARM.attributes
                0x000001af       0x33 ..\obj\UART.o
 .ARM.attributes
                0x000001e2       0x33 ..\obj\stm32l1xx_hal_gpio.o
 .ARM.attributes
                0x00000215       0x21 ..\obj\startup_stm32l151xba.o
 .ARM.attributes
                0x00000236       0x33 ..\obj\system_stm32l1xx.o
 .ARM.attributes
                0x00000269       0x33 ..\obj\main.o
 .ARM.attributes
                0x0000029c       0x33 ..\obj\my_string.o
 .ARM.attributes
                0x000002cf       0x33 ..\obj\stm32l1xx_hal.o
 .ARM.attributes
                0x00000302       0x33 ..\obj\stm32l1xx_hal_dma.o
 .ARM.attributes
                0x00000335       0x33 ..\obj\stm32l1xx_hal_cortex.o
 .ARM.attributes
                0x00000368       0x33 ..\obj\stm32l1xx_hal_msp_template.o
 .ARM.attributes
                0x0000039b       0x33 ..\obj\ADC_func.o
 .ARM.attributes
                0x000003ce       0x33 ..\obj\clock.o
 .ARM.attributes
                0x00000401       0x2d c:/program files (x86)/gnu tools arm embedded/5.4 2016q2/bin/../lib/gcc/arm-none-eabi/5.4.1/../../../../arm-none-eabi/lib/armv7-m\libg.a(lib_a-impure.o)
 .ARM.attributes
                0x0000042e       0x2d c:/program files (x86)/gnu tools arm embedded/5.4 2016q2/bin/../lib/gcc/arm-none-eabi/5.4.1/../../../../arm-none-eabi/lib/armv7-m\libg.a(lib_a-init.o)
 .ARM.attributes
                0x0000045b       0x2d c:/program files (x86)/gnu tools arm embedded/5.4 2016q2/bin/../lib/gcc/arm-none-eabi/5.4.1/../../../../arm-none-eabi/lib/armv7-m\libg.a(lib_a-__call_atexit.o)
 .ARM.attributes
                0x00000488       0x2d c:/program files (x86)/gnu tools arm embedded/5.4 2016q2/bin/../lib/gcc/arm-none-eabi/5.4.1/../../../../arm-none-eabi/lib/armv7-m\libg.a(lib_a-atexit.o)
 .ARM.attributes
                0x000004b5       0x2d c:/program files (x86)/gnu tools arm embedded/5.4 2016q2/bin/../lib/gcc/arm-none-eabi/5.4.1/../../../../arm-none-eabi/lib/armv7-m\libg.a(lib_a-fini.o)
 .ARM.attributes
                0x000004e2       0x2d c:/program files (x86)/gnu tools arm embedded/5.4 2016q2/bin/../lib/gcc/arm-none-eabi/5.4.1/../../../../arm-none-eabi/lib/armv7-m\libg.a(lib_a-__atexit.o)
 .ARM.attributes
                0x0000050f       0x2d c:/program files (x86)/gnu tools arm embedded/5.4 2016q2/bin/../lib/gcc/arm-none-eabi/5.4.1/armv7-m/crtend.o
 .ARM.attributes
                0x0000053c       0x1d c:/program files (x86)/gnu tools arm embedded/5.4 2016q2/bin/../lib/gcc/arm-none-eabi/5.4.1/armv7-m/crtn.o

.comment        0x00000000       0x6e
 .comment       0x00000000       0x6e ..\obj\TIMs.o
                                 0x6f (size before relaxing)
 .comment       0x0000006e       0x6f ..\obj\stm32l1xx_hal_uart.o
 .comment       0x0000006e       0x6f ..\obj\guard_func.o
 .comment       0x0000006e       0x6f ..\obj\GPIO_func.o
 .comment       0x0000006e       0x6f ..\obj\modem.o
 .comment       0x0000006e       0x6f ..\obj\EEPROMfunc.o
 .comment       0x0000006e       0x6f ..\obj\stm32l1xx_hal_rcc.o
 .comment       0x0000006e       0x6f ..\obj\UART.o
 .comment       0x0000006e       0x6f ..\obj\stm32l1xx_hal_gpio.o
 .comment       0x0000006e       0x6f ..\obj\system_stm32l1xx.o
 .comment       0x0000006e       0x6f ..\obj\main.o
 .comment       0x0000006e       0x6f ..\obj\my_string.o
 .comment       0x0000006e       0x6f ..\obj\stm32l1xx_hal.o
 .comment       0x0000006e       0x6f ..\obj\stm32l1xx_hal_dma.o
 .comment       0x0000006e       0x6f ..\obj\stm32l1xx_hal_cortex.o
 .comment       0x0000006e       0x6f ..\obj\stm32l1xx_hal_msp_template.o
 .comment       0x0000006e       0x6f ..\obj\ADC_func.o
 .comment       0x0000006e       0x6f ..\obj\clock.o

.debug_info     0x00000000     0x876b
 .debug_info    0x00000000      0x83f ..\obj\TIMs.o
 .debug_info    0x0000083f      0xdef ..\obj\stm32l1xx_hal_uart.o
 .debug_info    0x0000162e      0x623 ..\obj\guard_func.o
 .debug_info    0x00001c51      0x2bc ..\obj\GPIO_func.o
 .debug_info    0x00001f0d      0x660 ..\obj\modem.o
 .debug_info    0x0000256d      0x25c ..\obj\EEPROMfunc.o
 .debug_info    0x000027c9     0x2839 ..\obj\stm32l1xx_hal_rcc.o
 .debug_info    0x00005002      0x972 ..\obj\UART.o
 .debug_info    0x00005974      0x5e0 ..\obj\stm32l1xx_hal_gpio.o
 .debug_info    0x00005f54       0xe0 ..\obj\startup_stm32l151xba.o
 .debug_info    0x00006034      0x40f ..\obj\system_stm32l1xx.o
 .debug_info    0x00006443      0x631 ..\obj\main.o
 .debug_info    0x00006a74      0x15b ..\obj\my_string.o
 .debug_info    0x00006bcf      0x5c1 ..\obj\stm32l1xx_hal.o
 .debug_info    0x00007190      0x575 ..\obj\stm32l1xx_hal_dma.o
 .debug_info    0x00007705      0xa8e ..\obj\stm32l1xx_hal_cortex.o
 .debug_info    0x00008193       0xda ..\obj\stm32l1xx_hal_msp_template.o
 .debug_info    0x0000826d      0x2e7 ..\obj\ADC_func.o
 .debug_info    0x00008554      0x217 ..\obj\clock.o

.debug_abbrev   0x00000000     0x198f
 .debug_abbrev  0x00000000      0x1a0 ..\obj\TIMs.o
 .debug_abbrev  0x000001a0      0x1d6 ..\obj\stm32l1xx_hal_uart.o
 .debug_abbrev  0x00000376      0x149 ..\obj\guard_func.o
 .debug_abbrev  0x000004bf       0xe9 ..\obj\GPIO_func.o
 .debug_abbrev  0x000005a8      0x1fb ..\obj\modem.o
 .debug_abbrev  0x000007a3      0x110 ..\obj\EEPROMfunc.o
 .debug_abbrev  0x000008b3      0x251 ..\obj\stm32l1xx_hal_rcc.o
 .debug_abbrev  0x00000b04      0x1ed ..\obj\UART.o
 .debug_abbrev  0x00000cf1      0x1a1 ..\obj\stm32l1xx_hal_gpio.o
 .debug_abbrev  0x00000e92       0x12 ..\obj\startup_stm32l151xba.o
 .debug_abbrev  0x00000ea4       0xff ..\obj\system_stm32l1xx.o
 .debug_abbrev  0x00000fa3      0x141 ..\obj\main.o
 .debug_abbrev  0x000010e4       0xd3 ..\obj\my_string.o
 .debug_abbrev  0x000011b7      0x1ae ..\obj\stm32l1xx_hal.o
 .debug_abbrev  0x00001365      0x1b3 ..\obj\stm32l1xx_hal_dma.o
 .debug_abbrev  0x00001518      0x286 ..\obj\stm32l1xx_hal_cortex.o
 .debug_abbrev  0x0000179e       0x65 ..\obj\stm32l1xx_hal_msp_template.o
 .debug_abbrev  0x00001803       0xf1 ..\obj\ADC_func.o
 .debug_abbrev  0x000018f4       0x9b ..\obj\clock.o

.debug_aranges  0x00000000      0x268
 .debug_aranges
                0x00000000       0x20 ..\obj\TIMs.o
 .debug_aranges
                0x00000020       0x20 ..\obj\stm32l1xx_hal_uart.o
 .debug_aranges
                0x00000040       0x20 ..\obj\guard_func.o
 .debug_aranges
                0x00000060       0x20 ..\obj\GPIO_func.o
 .debug_aranges
                0x00000080       0x20 ..\obj\modem.o
 .debug_aranges
                0x000000a0       0x20 ..\obj\EEPROMfunc.o
 .debug_aranges
                0x000000c0       0x20 ..\obj\stm32l1xx_hal_rcc.o
 .debug_aranges
                0x000000e0       0x20 ..\obj\UART.o
 .debug_aranges
                0x00000100       0x20 ..\obj\stm32l1xx_hal_gpio.o
 .debug_aranges
                0x00000120       0x28 ..\obj\startup_stm32l151xba.o
 .debug_aranges
                0x00000148       0x20 ..\obj\system_stm32l1xx.o
 .debug_aranges
                0x00000168       0x20 ..\obj\main.o
 .debug_aranges
                0x00000188       0x20 ..\obj\my_string.o
 .debug_aranges
                0x000001a8       0x20 ..\obj\stm32l1xx_hal.o
 .debug_aranges
                0x000001c8       0x20 ..\obj\stm32l1xx_hal_dma.o
 .debug_aranges
                0x000001e8       0x20 ..\obj\stm32l1xx_hal_cortex.o
 .debug_aranges
                0x00000208       0x20 ..\obj\stm32l1xx_hal_msp_template.o
 .debug_aranges
                0x00000228       0x20 ..\obj\ADC_func.o
 .debug_aranges
                0x00000248       0x20 ..\obj\clock.o

.debug_line     0x00000000     0x4289
 .debug_line    0x00000000      0x2a9 ..\obj\TIMs.o
 .debug_line    0x000002a9      0x6df ..\obj\stm32l1xx_hal_uart.o
 .debug_line    0x00000988      0x37d ..\obj\guard_func.o
 .debug_line    0x00000d05      0x24f ..\obj\GPIO_func.o
 .debug_line    0x00000f54      0x374 ..\obj\modem.o
 .debug_line    0x000012c8      0x246 ..\obj\EEPROMfunc.o
 .debug_line    0x0000150e      0xdc7 ..\obj\stm32l1xx_hal_rcc.o
 .debug_line    0x000022d5      0x2a4 ..\obj\UART.o
 .debug_line    0x00002579      0x32f ..\obj\stm32l1xx_hal_gpio.o
 .debug_line    0x000028a8       0xd4 ..\obj\startup_stm32l151xba.o
 .debug_line    0x0000297c      0x20e ..\obj\system_stm32l1xx.o
 .debug_line    0x00002b8a      0x236 ..\obj\main.o
 .debug_line    0x00002dc0      0x1c6 ..\obj\my_string.o
 .debug_line    0x00002f86      0x254 ..\obj\stm32l1xx_hal.o
 .debug_line    0x000031da      0x77a ..\obj\stm32l1xx_hal_dma.o
 .debug_line    0x00003954      0x323 ..\obj\stm32l1xx_hal_cortex.o
 .debug_line    0x00003c77      0x1e5 ..\obj\stm32l1xx_hal_msp_template.o
 .debug_line    0x00003e5c      0x219 ..\obj\ADC_func.o
 .debug_line    0x00004075      0x214 ..\obj\clock.o

.debug_str      0x00000000     0x231b
 .debug_str     0x00000000      0x68f ..\obj\TIMs.o
                                0x72e (size before relaxing)
 .debug_str     0x0000068f      0x7c2 ..\obj\stm32l1xx_hal_uart.o
                                0x97f (size before relaxing)
 .debug_str     0x00000e51      0x19f ..\obj\guard_func.o
                                0x3eb (size before relaxing)
 .debug_str     0x00000ff0       0x73 ..\obj\GPIO_func.o
                                0x25e (size before relaxing)
 .debug_str     0x00001063      0x1c0 ..\obj\modem.o
                                0x3d8 (size before relaxing)
 .debug_str     0x00001223       0xed ..\obj\EEPROMfunc.o
                                0x249 (size before relaxing)
 .debug_str     0x00001310      0x398 ..\obj\stm32l1xx_hal_rcc.o
                                0x63e (size before relaxing)
 .debug_str     0x000016a8       0xa4 ..\obj\UART.o
                                0x986 (size before relaxing)
 .debug_str     0x0000174c      0x1a2 ..\obj\stm32l1xx_hal_gpio.o
                                0x3fb (size before relaxing)
 .debug_str     0x000018ee      0x116 ..\obj\system_stm32l1xx.o
                                0x2de (size before relaxing)
 .debug_str     0x00001a04       0xd7 ..\obj\main.o
                                0x3c8 (size before relaxing)
 .debug_str     0x00001adb       0x7e ..\obj\my_string.o
                                0x1a0 (size before relaxing)
 .debug_str     0x00001b59      0x1fd ..\obj\stm32l1xx_hal.o
                                0x6b8 (size before relaxing)
 .debug_str     0x00001d56      0x185 ..\obj\stm32l1xx_hal_dma.o
                                0x4cd (size before relaxing)
 .debug_str     0x00001edb      0x29c ..\obj\stm32l1xx_hal_cortex.o
                                0x865 (size before relaxing)
 .debug_str     0x00002177       0xa0 ..\obj\stm32l1xx_hal_msp_template.o
                                0x1cf (size before relaxing)
 .debug_str     0x00002217       0xc1 ..\obj\ADC_func.o
                                0x24f (size before relaxing)
 .debug_str     0x000022d8       0x43 ..\obj\clock.o
                                0x208 (size before relaxing)

.debug_frame    0x00000000     0x1d94
 .debug_frame   0x00000000      0x1b8 ..\obj\TIMs.o
 .debug_frame   0x000001b8      0x5e0 ..\obj\stm32l1xx_hal_uart.o
 .debug_frame   0x00000798      0x264 ..\obj\guard_func.o
 .debug_frame   0x000009fc       0x34 ..\obj\GPIO_func.o
 .debug_frame   0x00000a30      0x25c ..\obj\modem.o
 .debug_frame   0x00000c8c       0xb8 ..\obj\EEPROMfunc.o
 .debug_frame   0x00000d44      0x21c ..\obj\stm32l1xx_hal_rcc.o
 .debug_frame   0x00000f60      0x100 ..\obj\UART.o
 .debug_frame   0x00001060      0x14c ..\obj\stm32l1xx_hal_gpio.o
 .debug_frame   0x000011ac       0x58 ..\obj\system_stm32l1xx.o
 .debug_frame   0x00001204       0xec ..\obj\main.o
 .debug_frame   0x000012f0       0x5c ..\obj\my_string.o
 .debug_frame   0x0000134c      0x270 ..\obj\stm32l1xx_hal.o
 .debug_frame   0x000015bc      0x194 ..\obj\stm32l1xx_hal_dma.o
 .debug_frame   0x00001750      0x428 ..\obj\stm32l1xx_hal_cortex.o
 .debug_frame   0x00001b78       0x90 ..\obj\stm32l1xx_hal_msp_template.o
 .debug_frame   0x00001c08       0x58 ..\obj\ADC_func.o
 .debug_frame   0x00001c60       0x30 ..\obj\clock.o
 .debug_frame   0x00001c90       0x2c c:/program files (x86)/gnu tools arm embedded/5.4 2016q2/bin/../lib/gcc/arm-none-eabi/5.4.1/../../../../arm-none-eabi/lib/armv7-m\libg.a(lib_a-init.o)
 .debug_frame   0x00001cbc       0x50 c:/program files (x86)/gnu tools arm embedded/5.4 2016q2/bin/../lib/gcc/arm-none-eabi/5.4.1/../../../../arm-none-eabi/lib/armv7-m\libg.a(lib_a-__call_atexit.o)
 .debug_frame   0x00001d0c       0x20 c:/program files (x86)/gnu tools arm embedded/5.4 2016q2/bin/../lib/gcc/arm-none-eabi/5.4.1/../../../../arm-none-eabi/lib/armv7-m\libg.a(lib_a-atexit.o)
 .debug_frame   0x00001d2c       0x34 c:/program files (x86)/gnu tools arm embedded/5.4 2016q2/bin/../lib/gcc/arm-none-eabi/5.4.1/../../../../arm-none-eabi/lib/armv7-m\libg.a(lib_a-fini.o)
 .debug_frame   0x00001d60       0x34 c:/program files (x86)/gnu tools arm embedded/5.4 2016q2/bin/../lib/gcc/arm-none-eabi/5.4.1/../../../../arm-none-eabi/lib/armv7-m\libg.a(lib_a-__atexit.o)

.debug_ranges   0x00000000       0x20
 .debug_ranges  0x00000000       0x20 ..\obj\startup_stm32l151xba.o
